cleanup audit: PASS for the eight exact containers and management network
18:29:50 INFO Parsing & checking topology file=four-radio.clab.yml
18:29:51 INFO Parsing & checking topology file=four-radio.clab.yml
18:29:51 INFO Destroying lab name=four-radio-sdr
18:29:51 ERRO container "clab-four-radio-sdr-recorder" exited; container output:
{"boot_id":"f835f538749329464b4dcd432bf29ea2","data":{"durably_committed_bytes":null,"kernel_drops":0,"pcap_bytes_accepted":0,"pcap_enabled":false,"pcap_frames":0,"pcap_io_errors":0,"pcap_limit_reached":false,"queue_depth":null,"receive_errors":0,"receive_truncations":0,"rx_frames":0,"rx_wire_bytes":0},"event":"heartbeat","instance":"recorder","last_successful_activity":null,"ready":true,"role":"recorder","schema":"vrt.telemetry/1","sequence":1,"state":"idle","suppressed_events":0,"timestamp":"2026-09-25T22:29:00.838Z","uptime_ms":108}
{"boot_id":"f835f538749329464b4dcd432bf29ea2","data":{"durably_committed_bytes":null,"kernel_drops":0,"pcap_bytes_accepted":0,"pcap_enabled":false,"pcap_frames":0,"pcap_io_errors":0,"pcap_limit_reached":false,"queue_depth":null,"receive_errors":0,"receive_truncations":0,"rx_frames":12,"rx_wire_bytes":1016},"event":"heartbeat","instance":"recorder","last_successful_activity":"2026-09-25T22:29:05.314Z","ready":true,"role":"recorder","schema":"vrt.telemetry/1","sequence":2,"state":"healthy","suppressed_events":0,"timestamp":"2026-09-25T22:29:05.914Z","uptime_ms":5184}
{"boot_id":"f835f538749329464b4dcd432bf29ea2","data":{"durably_committed_bytes":null,"kernel_drops":0,"pcap_bytes_accepted":0,"pcap_enabled":false,"pcap_frames":0,"pcap_io_errors":0,"pcap_limit_reached":false,"queue_depth":null,"receive_errors":0,"receive_truncations":0,"rx_frames":109,"rx_wire_bytes":9279},"event":"heartbeat","instance":"recorder","last_successful_activity":"2026-09-25T22:29:10.548Z","ready":true,"role":"recorder","schema":"vrt.telemetry/1","sequence":3,"state":"healthy","suppressed_events":0,"timestamp":"2026-09-25T22:29:10.948Z","uptime_ms":10218}
{"boot_id":"f835f538749329464b4dcd432bf29ea2","data":{"durably_committed_bytes":null,"kernel_drops":0,"pcap_bytes_accepted":0,"pcap_enabled":false,"pcap_frames":0,"pcap_io_errors":0,"pcap_limit_reached":false,"queue_depth":null,"receive_errors":0,"receive_truncations":0,"rx_frames":2854,"rx_wire_bytes":14763137},"event":"heartbeat","instance":"recorder","last_successful_activity":"2026-09-25T22:29:15.949Z","ready":true,"role":"recorder","schema":"vrt.telemetry/1","sequence":4,"state":"healthy","suppressed_events":0,"timestamp":"2026-09-25T22:29:15.949Z","uptime_ms":15219}
{"boot_id":"f835f538749329464b4dcd432bf29ea2","data":{"durably_committed_bytes":null,"kernel_drops":0,"pcap_bytes_accepted":0,"pcap_enabled":false,"pcap_frames":0,"pcap_io_errors":0,"pcap_limit_reached":false,"queue_depth":null,"receive_errors":0,"receive_truncations":0,"rx_frames":32352,"rx_wire_bytes":180411805},"event":"heartbeat","instance":"recorder","last_successful_activity":"2026-09-25T22:29:20.949Z","ready":true,"role":"recorder","schema":"vrt.telemetry/1","sequence":5,"state":"healthy","suppressed_events":0,"timestamp":"2026-09-25T22:29:20.949Z","uptime_ms":20219}
{"boot_id":"f835f538749329464b4dcd432bf29ea2","data":{"durably_committed_bytes":null,"kernel_drops":0,"pcap_bytes_accepted":0,"pcap_enabled":false,"pcap_frames":0,"pcap_io_errors":0,"pcap_limit_reached":false,"queue_depth":null,"receive_errors":0,"receive_truncations":0,"rx_frames":61844,"rx_wire_bytes":346025861},"event":"heartbeat","instance":"recorder","last_successful_activity":"2026-09-25T22:29:25.949Z","ready":true,"role":"recorder","schema":"vrt.telemetry/1","sequence":6,"state":"healthy","suppressed_events":0,"timestamp":"2026-09-25T22:29:25.949Z","uptime_ms":25219}
{"boot_id":"f835f538749329464b4dcd432bf29ea2","data":{"durably_committed_bytes":null,"kernel_drops":0,"pcap_bytes_accepted":0,"pcap_enabled":false,"pcap_frames":0,"pcap_io_errors":0,"pcap_limit_reached":false,"queue_depth":null,"receive_errors":0,"receive_truncations":0,"rx_frames":91344,"rx_wire_bytes":511674669},"event":"heartbeat","instance":"recorder","last_successful_activity":"2026-09-25T22:29:30.949Z","ready":true,"role":"recorder","schema":"vrt.telemetry/1","sequence":7,"state":"healthy","suppressed_events":0,"timestamp":"2026-09-25T22:29:30.949Z","uptime_ms":30219}
{"boot_id":"f835f538749329464b4dcd432bf29ea2","data":{"durably_committed_bytes":null,"kernel_drops":0,"pcap_bytes_accepted":0,"pcap_enabled":false,"pcap_frames":0,"pcap_io_errors":0,"pcap_limit_reached":false,"queue_depth":null,"receive_errors":0,"receive_truncations":0,"rx_frames":120840,"rx_wire_bytes":677289005},"event":"heartbeat","instance":"recorder","last_successful_activity":"2026-09-25T22:29:35.949Z","ready":true,"role":"recorder","schema":"vrt.telemetry/1","sequence":8,"state":"healthy","suppressed_events":0,"timestamp":"2026-09-25T22:29:35.949Z","uptime_ms":35220}
{"boot_id":"f835f538749329464b4dcd432bf29ea2","data":{"durably_committed_bytes":null,"kernel_drops":0,"pcap_bytes_accepted":0,"pcap_enabled":false,"pcap_frames":0,"pcap_io_errors":0,"pcap_limit_reached":false,"queue_depth":null,"receive_errors":0,"receive_truncations":0,"rx_frames":150341,"rx_wire_bytes":842938088},"event":"heartbeat","instance":"recorder","last_successful_activity":"2026-09-25T22:29:40.950Z","ready":true,"role":"recorder","schema":"vrt.telemetry/1","sequence":9,"state":"healthy","suppressed_events":0,"timestamp":"2026-09-25T22:29:40.950Z","uptime_ms":40220}
{"boot_id":"f835f538749329464b4dcd432bf29ea2","data":{"durably_committed_bytes":null,"kernel_drops":0,"pcap_bytes_accepted":0,"pcap_enabled":false,"pcap_frames":0,"pcap_io_errors":0,"pcap_limit_reached":false,"queue_depth":null,"receive_errors":0,"receive_truncations":0,"rx_frames":179833,"rx_wire_bytes":1008552144},"event":"heartbeat","instance":"recorder","last_successful_activity":"2026-09-25T22:29:45.950Z","ready":true,"role":"recorder","schema":"vrt.telemetry/1","sequence":10,"state":"healthy","suppressed_events":0,"timestamp":"2026-09-25T22:29:45.950Z","uptime_ms":45220}
{"boot_id":"f835f538749329464b4dcd432bf29ea2","data":{"durably_committed_bytes":null,"kernel_drops":0,"pcap_bytes_accepted":0,"pcap_enabled":false,"pcap_frames":0,"pcap_io_errors":0,"pcap_limit_reached":false,"queue_depth":null,"receive_errors":0,"receive_truncations":0,"rx_frames":209332,"rx_wire_bytes":1174204926},"event":"heartbeat","instance":"recorder","last_successful_activity":"2026-09-25T22:29:50.950Z","ready":true,"role":"recorder","schema":"vrt.telemetry/1","sequence":11,"state":"healthy","suppressed_events":0,"timestamp":"2026-09-25T22:29:50.950Z","uptime_ms":50220}
{"boot_id":"f835f538749329464b4dcd432bf29ea2","data":{"reason":"APPLICATION_ERROR"},"event":"failure","instance":"recorder","last_successful_activity":null,"ready":false,"role":"recorder","schema":"vrt.telemetry/1","sequence":12,"state":"failed","suppressed_events":0,"timestamp":"2026-09-25T22:29:51.039Z","uptime_ms":50310}
recorder: application error (see documented configuration requirements)
18:29:51 INFO Removed container name=clab-four-radio-sdr-recorder
18:29:51 INFO Removed container name=clab-four-radio-sdr-radio4
18:29:51 INFO Removed container name=clab-four-radio-sdr-radio1
18:29:51 INFO Removed container name=clab-four-radio-sdr-radio2
18:29:51 INFO Removed container name=clab-four-radio-sdr-switch1
18:29:51 INFO Removed container name=clab-four-radio-sdr-detector
18:29:51 INFO Removed container name=clab-four-radio-sdr-radio3
18:29:51 INFO Removed container name=clab-four-radio-sdr-processor
18:29:51 INFO Removing host entries path=/etc/hosts
18:29:51 INFO Removing SSH config path=/etc/ssh/ssh_config.d/clab-four-radio-sdr.conf
