VRT source and revision metadata verified: 51853ba29703f51aceb2cfefe5a12a65a8e1110f
DEPRECATED: The legacy builder is deprecated and will be removed in a future release.
            Install the buildx component to build images with BuildKit:
            https://docs.docker.com/go/buildx/

Sending build context to Docker daemon  1.199MB
Step 1/26 : ARG BASE_IMAGE
Step 2/26 : FROM ${BASE_IMAGE} AS build
bookworm-20250908-slim: Pulling from library/debian
Digest: sha256:df52e55e3361a81ac1bead266f3373ee55d29aa50cf0975d440c2be3483d8ed3
Status: Image is up to date for debian:bookworm-20250908-slim@sha256:df52e55e3361a81ac1bead266f3373ee55d29aa50cf0975d440c2be3483d8ed3
 ---> df52e55e3361
Step 3/26 : ARG DEBIAN_SNAPSHOT
 ---> Using cache
 ---> a4d951557100
Step 4/26 : ARG NLOHMANN_JSON_VERSION
 ---> Using cache
 ---> 64b6e5182bc5
Step 5/26 : ARG NLOHMANN_JSON_SHA256
 ---> Using cache
 ---> 356d4213c1b0
Step 6/26 : RUN printf '%s\n'       "deb [check-valid-until=no] http://snapshot.debian.org/archive/debian/${DEBIAN_SNAPSHOT}/ bookworm main"       "deb [check-valid-until=no] http://snapshot.debian.org/archive/debian/${DEBIAN_SNAPSHOT}/ bookworm-updates main"       "deb [check-valid-until=no] http://snapshot.debian.org/archive/debian-security/${DEBIAN_SNAPSHOT}/ bookworm-security main"       > /etc/apt/sources.list     && rm -f /etc/apt/sources.list.d/debian.sources     && apt-get -o Acquire::Check-Valid-Until=false update     && apt-get install -y --no-install-recommends       ca-certificates cmake curl g++ libsoapysdr-dev ninja-build     && rm -rf /var/lib/apt/lists/*
 ---> Using cache
 ---> c05b8ae0a9cd
Step 7/26 : RUN curl --fail --location --proto '=https' --tlsv1.2       "https://github.com/nlohmann/json/releases/download/v${NLOHMANN_JSON_VERSION}/json.tar.xz"       --output /tmp/nlohmann-json.tar.xz     && echo "${NLOHMANN_JSON_SHA256}  /tmp/nlohmann-json.tar.xz" | sha256sum --check --strict     && cmake -E tar xf /tmp/nlohmann-json.tar.xz     && cmake -S json -B /tmp/nlohmann-build -G Ninja       -DJSON_BuildTests=OFF -DCMAKE_BUILD_TYPE=Release       -DCMAKE_INSTALL_PREFIX=/opt/deps     && cmake --build /tmp/nlohmann-build --target install
 ---> Using cache
 ---> 2a9c5c724f65
Step 8/26 : WORKDIR /src
 ---> Using cache
 ---> cdaf2e57ff83
Step 9/26 : COPY CMakeLists.txt ./
 ---> Using cache
 ---> 02b24682b980
Step 10/26 : COPY apps apps
 ---> Using cache
 ---> e5ffa1cfd08c
Step 11/26 : COPY include include
 ---> Using cache
 ---> 9a0ef38922e3
Step 12/26 : COPY src src
 ---> bbc2c89d83d5
Step 13/26 : COPY third_party/vrt_framework/include third_party/vrt_framework/include
 ---> 75aebe4f019b
Step 14/26 : RUN cmake -S . -B /tmp/build -G Ninja       -DBUILD_TESTING=OFF       -DCMAKE_BUILD_TYPE=Release       -DCMAKE_PREFIX_PATH=/opt/deps       -DCMAKE_INSTALL_PREFIX=/opt/containerlab-vrt     && cmake --build /tmp/build --parallel     && cmake --install /tmp/build     && test -x /opt/containerlab-vrt/bin/radio     && test -x /opt/containerlab-vrt/bin/processor     && test -x /opt/containerlab-vrt/bin/detector     && test -x /opt/containerlab-vrt/bin/recorder
 ---> Running in 7ae8dfe360a5
-- The CXX compiler identification is GNU 12.2.0
-- Detecting CXX compiler ABI info
-- Detecting CXX compiler ABI info - done
-- Check for working CXX compiler: /usr/bin/c++ - skipped
-- Detecting CXX compile features
-- Detecting CXX compile features - done
-- Found nlohmann_json: /opt/deps/share/cmake/nlohmann_json/nlohmann_jsonConfig.cmake (found suitable exact version "3.12.0") 
-- Configuring done
-- Generating done
-- Build files have been written to: /tmp/build
[1/24] Building CXX object CMakeFiles/sdr_core.dir/src/virtual_radio.cpp.o
[2/24] Building CXX object CMakeFiles/sdr_core.dir/src/spectrum.cpp.o
[3/24] Building CXX object CMakeFiles/sdr_core.dir/src/soapy_virtual_device.cpp.o
[4/24] Building CXX object CMakeFiles/detector.dir/apps/detector.cpp.o
[5/24] Building CXX object CMakeFiles/sdr_vrt_adapter.dir/src/vrt_radio_adapter.cpp.o
[6/24] Building CXX object CMakeFiles/processor.dir/apps/processor.cpp.o
[7/24] Building CXX object CMakeFiles/sdr_core.dir/src/status.cpp.o
[8/24] Building CXX object CMakeFiles/recorder.dir/apps/recorder.cpp.o
[9/24] Building CXX object CMakeFiles/sdr_telemetry.dir/src/telemetry.cpp.o
[10/24] Linking CXX static library libsdr_telemetry.a
[11/24] Building CXX object CMakeFiles/sdr_vrt_adapter.dir/src/radio_transport.cpp.o
[12/24] Building CXX object CMakeFiles/sdr_recorder.dir/src/recorder.cpp.o
[13/24] Linking CXX static library libsdr_recorder.a
[14/24] Linking CXX executable recorder
[15/24] Building CXX object CMakeFiles/sdr_core.dir/src/radio_services.cpp.o
[16/24] Linking CXX static library libsdr_core.a
[17/24] Building CXX object CMakeFiles/sdr_udp_apps.dir/apps/udp_pipeline.cpp.o
[18/24] Linking CXX static library libsdr_udp_apps.a
[19/24] Linking CXX executable detector
[20/24] Building CXX object CMakeFiles/radio.dir/apps/radio.cpp.o
[21/24] Building CXX object CMakeFiles/sdr_vrt_adapter.dir/src/processor_controller.cpp.o
[22/24] Linking CXX static library libsdr_vrt_adapter.a
[23/24] Linking CXX executable radio
[24/24] Linking CXX executable processor
-- Install configuration: "Release"
-- Installing: /opt/containerlab-vrt/bin/radio
-- Installing: /opt/containerlab-vrt/bin/processor
-- Installing: /opt/containerlab-vrt/bin/detector
-- Installing: /opt/containerlab-vrt/bin/recorder
 ---> Removed intermediate container 7ae8dfe360a5
 ---> 8acd8d255439
Step 15/26 : FROM ${BASE_IMAGE} AS runtime
bookworm-20250908-slim: Pulling from library/debian
Digest: sha256:df52e55e3361a81ac1bead266f3373ee55d29aa50cf0975d440c2be3483d8ed3
Status: Image is up to date for debian:bookworm-20250908-slim@sha256:df52e55e3361a81ac1bead266f3373ee55d29aa50cf0975d440c2be3483d8ed3
 ---> df52e55e3361
Step 16/26 : ARG DEBIAN_SNAPSHOT
 ---> Using cache
 ---> a4d951557100
Step 17/26 : ARG VRT_REVISION
 ---> Using cache
 ---> 5431f1ea8c26
Step 18/26 : ARG GRAPHX_REFERENCE_REVISION
 ---> Using cache
 ---> 1216182c757f
Step 19/26 : RUN printf '%s\n'       "deb [check-valid-until=no] http://snapshot.debian.org/archive/debian/${DEBIAN_SNAPSHOT}/ bookworm main"       "deb [check-valid-until=no] http://snapshot.debian.org/archive/debian/${DEBIAN_SNAPSHOT}/ bookworm-updates main"       "deb [check-valid-until=no] http://snapshot.debian.org/archive/debian-security/${DEBIAN_SNAPSHOT}/ bookworm-security main"       > /etc/apt/sources.list     && rm -f /etc/apt/sources.list.d/debian.sources     && apt-get -o Acquire::Check-Valid-Until=false update     && apt-get install -y --no-install-recommends iproute2 libsoapysdr0.8     && rm -rf /var/lib/apt/lists/*
 ---> Using cache
 ---> 6bb30f27e01d
Step 20/26 : COPY --from=build /opt/containerlab-vrt /opt/containerlab-vrt
 ---> ba5961ad871e
Step 21/26 : COPY THIRD_PARTY_NOTICES.md /usr/share/doc/containerlab-vrt/THIRD_PARTY_NOTICES.md
 ---> 5109b47a9972
Step 22/26 : COPY third_party/vrt_framework/LICENSE /usr/share/doc/containerlab-vrt/VRT_FRAMEWORK_LICENSE
 ---> 9ddde1af78aa
Step 23/26 : ENV PATH=/opt/containerlab-vrt/bin:$PATH
 ---> Running in b720a23b3da8
 ---> Removed intermediate container b720a23b3da8
 ---> 963817c3e47e
Step 24/26 : LABEL org.opencontainers.image.title="containerlab-vrt standalone SDR applications"       org.opencontainers.image.source="https://github.com/rklinkhammer/containerlab-vrt"       org.opencontainers.image.licenses="MIT"       org.opencontainers.image.revision.vrt="${VRT_REVISION}"       org.opencontainers.image.revision.graphx-reference="${GRAPHX_REFERENCE_REVISION}"
 ---> Running in c41b0964b314
 ---> Removed intermediate container c41b0964b314
 ---> 89c1d276ed3c
Step 25/26 : WORKDIR /run/containerlab-vrt
 ---> Running in e15256968059
 ---> Removed intermediate container e15256968059
 ---> de8738ce35f3
Step 26/26 : CMD ["/bin/false"]
 ---> Running in a637a25c3061
 ---> Removed intermediate container a637a25c3061
 ---> 00074ec43149
Successfully built 00074ec43149
Successfully tagged containerlab-vrt-app:local
built and inspected containerlab-vrt-app:local
[{"case": "detector-idle", "outcome": "PASS", "events": 8, "last": {"boot_id": "8f70b71e49203f9e34ef4adbb8b94ffd", "data": {"datagrams": 0, "detections": 0, "downstream_delivery": null, "gapped": 0, "malformed": 0, "observed_unix_ns": 1790371943049908967, "processing_calls": 0, "processing_ns_total": 0, "proven_packet_loss": null, "queue_depth": null, "rx_bytes": 0, "sequence_gaps": 0, "tx_bytes": null, "tx_packets": null, "unavailable": 4, "zero": 0}, "event": "shutdown", "instance": "6b1328b3e43e", "last_successful_activity": null, "ready": false, "role": "detector", "schema": "vrt.telemetry/1", "sequence": 8, "state": "unknown", "suppressed_events": 0, "timestamp": "2026-09-25T21:32:23.049Z", "uptime_ms": 707}}, {"case": "recorder-empty", "outcome": "PASS", "events": 6, "last": {"boot_id": "cf8135b1c0d8faa4c0f074e0e7fb2900", "data": {"durably_committed_bytes": null, "kernel_drops": 0, "pcap_bytes_accepted": 24, "pcap_enabled": true, "pcap_frames": 0, "pcap_io_errors": 0, "pcap_limit_reached": false, "queue_depth": null, "receive_errors": 0, "receive_truncations": 0, "rx_frames": 0, "rx_wire_bytes": 0}, "event": "shutdown", "instance": "86255d64b774", "last_successful_activity": null, "ready": false, "role": "recorder", "schema": "vrt.telemetry/1", "sequence": 6, "state": "unknown", "suppressed_events": 0, "timestamp": "2026-09-25T21:32:24.165Z", "uptime_ms": 1017}}, {"case": "recorder-full", "outcome": "PASS", "events": 6, "last": {"boot_id": "5bc090e9ea7ed244de7a724d56f7c3c8", "data": {"durably_committed_bytes": null, "kernel_drops": 0, "pcap_bytes_accepted": 24, "pcap_enabled": true, "pcap_frames": 0, "pcap_io_errors": 1, "pcap_limit_reached": false, "queue_depth": null, "receive_errors": 0, "receive_truncations": 0, "rx_frames": 0, "rx_wire_bytes": 0}, "event": "shutdown", "instance": "af2213320266", "last_successful_activity": null, "ready": false, "role": "recorder", "schema": "vrt.telemetry/1", "sequence": 6, "state": "degraded", "suppressed_events": 0, "timestamp": "2026-09-25T21:32:25.297Z", "uptime_ms": 1025}}, {"case": "recorder-bad-path", "outcome": "PASS", "events": 2, "last": {"boot_id": "779511ba94eb697c9d0f911525cb353f", "data": {"reason": "APPLICATION_ERROR"}, "event": "failure", "instance": "c63d842a9659", "last_successful_activity": null, "ready": false, "role": "recorder", "schema": "vrt.telemetry/1", "sequence": 2, "state": "failed", "suppressed_events": 0, "timestamp": "2026-09-25T21:32:25.611Z", "uptime_ms": 212}}]
