time="2026-09-25T17:26:53-04:00" level=info msg="Terminal is not available, proceeding without opening an editor"
time="2026-09-25T17:26:54-04:00" level=info msg="Starting the instance `clab-vrt-telemetry-20260925-172653` with internal VM driver `vz`"
time="2026-09-25T17:26:54-04:00" level=info msg="Attempting to download the image" arch=aarch64 digest="sha256:7bcf159e29ad0000bfed9c57875908c39268f5ed1257f4958fa6a9f5f60edd54" location="https://cloud-images.ubuntu.com/releases/resolute/release-20260720/ubuntu-26.04-server-cloudimg-arm64.img"
Downloading the image (ubuntu-26.04-server-cloudimg-arm64.img)
time="2026-09-25T17:27:17-04:00" level=info msg="Converting qcow2 image to raw sparse format in cache: \"/Users/rklinkhammer/Library/Caches/lima/download/by-url-sha256/ea9e18624081b444d7bb30609b098f4e5f507ffabe414dfcda1d02fdec3afea4/imgconv/raw\""
time="2026-09-25T17:27:20-04:00" level=info msg="Downloaded the image from `https://cloud-images.ubuntu.com/releases/resolute/release-20260720/ubuntu-26.04-server-cloudimg-arm64.img`"
time="2026-09-25T17:27:20-04:00" level=info msg="Resize instance clab-vrt-telemetry-20260925-172653's disk from 3.5GiB to 80GiB"
time="2026-09-25T17:27:21-04:00" level=info msg="[hostagent] TCP (except for SSH) and UDP port forwarding is disabled"
time="2026-09-25T17:27:21-04:00" level=info msg="[hostagent] hostagent socket created at /Users/rklinkhammer/.lima/clab-vrt-telemetry-20260925-172653/ha.sock"
time="2026-09-25T17:27:21-04:00" level=info msg="[hostagent] Starting VZ (hint: to watch the boot progress, see `/Users/rklinkhammer/.lima/clab-vrt-telemetry-20260925-172653/serial*.log`)"
time="2026-09-25T17:27:21-04:00" level=info msg="[hostagent] [VZ] - vm state change: running"
time="2026-09-25T17:29:26-04:00" level=info msg="[hostagent] Started vsock forwarder: 127.0.0.1:60357 -> vsock:22 on VM"
time="2026-09-25T17:29:26-04:00" level=info msg="[hostagent] Detected SSH server is listening on the vsock port; changed 127.0.0.1:60357 to proxy for the vsock port"
time="2026-09-25T17:29:27-04:00" level=info msg="SSH Local Port: 60357"
time="2026-09-25T17:29:27-04:00" level=info msg="[hostagent] Waiting for the essential requirement 1 of 3: `ssh`"
time="2026-09-25T17:29:27-04:00" level=info msg="[hostagent] The essential requirement 1 of 3 is satisfied"
time="2026-09-25T17:29:27-04:00" level=info msg="[hostagent] Waiting for the essential requirement 2 of 3: `user session is ready for ssh`"
time="2026-09-25T17:29:30-04:00" level=info msg="[hostagent] The essential requirement 2 of 3 is satisfied"
time="2026-09-25T17:29:30-04:00" level=info msg="[hostagent] Waiting for the essential requirement 3 of 3: `Explicitly start ssh ControlMaster`"
time="2026-09-25T17:29:30-04:00" level=info msg="[hostagent] The essential requirement 3 of 3 is satisfied"
time="2026-09-25T17:29:30-04:00" level=info msg="[hostagent] Waiting for the optional requirement 1 of 1: `user probe 1/1`"
time="2026-09-25T17:29:30-04:00" level=info msg="[hostagent] Guest agent is running"
time="2026-09-25T17:29:30-04:00" level=info msg="[hostagent] Time sync: guest agent is alive, starting time synchronization"
time="2026-09-25T17:29:30-04:00" level=info msg="[hostagent] Forwarding UDP from 0.0.0.0:5353 to 127.0.0.1:5353"
time="2026-09-25T17:29:30-04:00" level=info msg="[hostagent] Forwarding UDP from [::]:5353 to 127.0.0.1:5353"
time="2026-09-25T17:29:30-04:00" level=info msg="[hostagent] Not forwarding UDP 127.0.0.1:5353"
time="2026-09-25T17:29:30-04:00" level=info msg="[hostagent] Not forwarding UDP 127.0.0.1:5353"
time="2026-09-25T17:29:35-04:00" level=info msg="[hostagent] Time sync: guest clock adjusted (was 145ms off)"
time="2026-09-25T17:29:40-04:00" level=info msg="[hostagent] The optional requirement 1 of 1 is satisfied"
time="2026-09-25T17:29:40-04:00" level=info msg="[hostagent] Waiting for the guest agent to be running"
time="2026-09-25T17:29:40-04:00" level=info msg="[hostagent] Waiting for the final requirement 1 of 1: `boot scripts must have finished`"
time="2026-09-25T17:29:45-04:00" level=info msg="[hostagent] Time sync: guest clock adjusted (was -157ms off)"
time="2026-09-25T17:29:46-04:00" level=info msg="[hostagent] The final requirement 1 of 1 is satisfied"
time="2026-09-25T17:29:46-04:00" level=info msg="READY. Run `limactl shell clab-vrt-telemetry-20260925-172653` to open the shell."
time="2026-09-25T17:29:46-04:00" level=info msg="Message from the instance `clab-vrt-telemetry-20260925-172653`:"
Dedicated containerlab-vrt qualification VM. Use sudo for Docker and Containerlab.
