{
  "four-radio-sdr": [
    {
      "lab_name": "four-radio-sdr",
      "labPath": "generated/four-radio.clab.yml",
      "absLabPath": "/home/rklinkhammer.guest/containerlab-vrt/generated/four-radio.clab.yml",
      "name": "clab-four-radio-sdr-detector",
      "container_id": "8c5ad031d5d6",
      "image": "containerlab-vrt-app:local",
      "kind": "linux",
      "state": "running",
      "status": "Up 52 seconds",
      "ipv4_address": "172.31.79.4/24",
      "ipv6_address": "N/A",
      "owner": "rklinkhammer"
    },
    {
      "lab_name": "four-radio-sdr",
      "labPath": "generated/four-radio.clab.yml",
      "absLabPath": "/home/rklinkhammer.guest/containerlab-vrt/generated/four-radio.clab.yml",
      "name": "clab-four-radio-sdr-processor",
      "container_id": "8386a6c1c709",
      "image": "containerlab-vrt-app:local",
      "kind": "linux",
      "state": "running",
      "status": "Up 52 seconds",
      "ipv4_address": "172.31.79.7/24",
      "ipv6_address": "N/A",
      "owner": "rklinkhammer"
    },
    {
      "lab_name": "four-radio-sdr",
      "labPath": "generated/four-radio.clab.yml",
      "absLabPath": "/home/rklinkhammer.guest/containerlab-vrt/generated/four-radio.clab.yml",
      "name": "clab-four-radio-sdr-radio1",
      "container_id": "24a6e53fb7c7",
      "image": "containerlab-vrt-app:local",
      "kind": "linux",
      "state": "running",
      "status": "Up Less than a second",
      "ipv4_address": "172.31.79.3/24",
      "ipv6_address": "N/A",
      "owner": "rklinkhammer"
    },
    {
      "lab_name": "four-radio-sdr",
      "labPath": "generated/four-radio.clab.yml",
      "absLabPath": "/home/rklinkhammer.guest/containerlab-vrt/generated/four-radio.clab.yml",
      "name": "clab-four-radio-sdr-radio2",
      "container_id": "e73c6fa0578f",
      "image": "containerlab-vrt-app:local",
      "kind": "linux",
      "state": "running",
      "status": "Up 52 seconds",
      "ipv4_address": "172.31.79.9/24",
      "ipv6_address": "N/A",
      "owner": "rklinkhammer"
    },
    {
      "lab_name": "four-radio-sdr",
      "labPath": "generated/four-radio.clab.yml",
      "absLabPath": "/home/rklinkhammer.guest/containerlab-vrt/generated/four-radio.clab.yml",
      "name": "clab-four-radio-sdr-radio3",
      "container_id": "0deeb3c65b04",
      "image": "containerlab-vrt-app:local",
      "kind": "linux",
      "state": "running",
      "status": "Up 52 seconds",
      "ipv4_address": "172.31.79.2/24",
      "ipv6_address": "N/A",
      "owner": "rklinkhammer"
    },
    {
      "lab_name": "four-radio-sdr",
      "labPath": "generated/four-radio.clab.yml",
      "absLabPath": "/home/rklinkhammer.guest/containerlab-vrt/generated/four-radio.clab.yml",
      "name": "clab-four-radio-sdr-radio4",
      "container_id": "1be21ff969cb",
      "image": "containerlab-vrt-app:local",
      "kind": "linux",
      "state": "running",
      "status": "Up 52 seconds",
      "ipv4_address": "172.31.79.8/24",
      "ipv6_address": "N/A",
      "owner": "rklinkhammer"
    },
    {
      "lab_name": "four-radio-sdr",
      "labPath": "generated/four-radio.clab.yml",
      "absLabPath": "/home/rklinkhammer.guest/containerlab-vrt/generated/four-radio.clab.yml",
      "name": "clab-four-radio-sdr-recorder",
      "container_id": "f344e9ac131c",
      "image": "containerlab-vrt-app:local",
      "kind": "linux",
      "state": "running",
      "status": "Up 52 seconds",
      "ipv4_address": "172.31.79.5/24",
      "ipv6_address": "N/A",
      "owner": "rklinkhammer"
    },
    {
      "lab_name": "four-radio-sdr",
      "labPath": "generated/four-radio.clab.yml",
      "absLabPath": "/home/rklinkhammer.guest/containerlab-vrt/generated/four-radio.clab.yml",
      "name": "clab-four-radio-sdr-switch1",
      "container_id": "47c290763f35",
      "image": "ghcr.io/nokia/srlinux:25.10.1@sha256:bc8112667b5a87bee5039ade65b504ac2ef35511210d0675db6c7b0754e8cc4c",
      "kind": "nokia_srlinux",
      "state": "running",
      "status": "Up 52 seconds",
      "ipv4_address": "172.31.79.6/24",
      "ipv6_address": "N/A",
      "owner": "rklinkhammer"
    }
  ]
}
19:57:47 INFO Containerlab started version=0.79.0
19:57:47 INFO Parsing & checking topology file=four-radio.clab.yml
19:57:47 INFO Applying link change without node lifecycle action node=switch1 change="added link"
19:57:47 INFO Creating lab directory path=/home/rklinkhammer.guest/containerlab-vrt/generated/clab-four-radio-sdr
19:57:47 INFO Creating node node=radio1
19:57:47 INFO Creating container name=radio1
19:57:47 INFO Creating link link="radio1:eth1 -- switch1:e1-1"
19:57:47 INFO Created link: switch1:e1-1 (ethernet-1/1) ▪┄┄▪ radio1:eth1
19:57:47 INFO Executed command node=radio1 command="ip link set dev eth1 mtu 9000" stdout=""
19:57:47 INFO Executed command node=radio1 command="ip address replace 10.79.0.10/24 dev eth1" stdout=""
19:57:47 INFO Executed command node=radio1 command="ip link set dev eth1 up" stdout=""
19:57:47 INFO Adding host entries path=/etc/hosts
19:57:47 INFO Adding SSH config for nodes path=/etc/ssh/ssh_config.d/clab-four-radio-sdr.conf
