[0/1] Re-running CMake...
-- Configuring done (0.1s)
-- Generating done (0.4s)
-- Build files have been written to: /Users/rklinkhammer/workspace/containerlab-vrt/build/dev
[1/17] Building CXX object CMakeFiles/sdr_vrt_adapter_tests.dir/tests/vrt_radio_adapter_tests.cpp.o
[2/17] Building CXX object CMakeFiles/sdr_vrt_adapter.dir/src/vrt_radio_adapter.cpp.o
[3/17] Building CXX object CMakeFiles/sdr_vrt_runtime_retention_tests.dir/tests/vrt_runtime_retention_tests.cpp.o
[4/17] Linking CXX executable sdr_vrt_runtime_retention_tests
[5/17] Building CXX object CMakeFiles/sdr_vrt_scheduled_start_tests.dir/tests/vrt_scheduled_start_tests.cpp.o
[6/17] Building CXX object CMakeFiles/sdr_radio_transport_tests.dir/tests/radio_transport_tests.cpp.o
[7/17] Building CXX object CMakeFiles/sdr_processor_controller_tests.dir/tests/processor_controller_tests.cpp.o
[8/17] Building CXX object CMakeFiles/radio.dir/apps/radio.cpp.o
[9/17] Building CXX object CMakeFiles/sdr_vrt_adapter.dir/src/processor_controller.cpp.o
[10/17] Linking CXX static library libsdr_vrt_adapter.a
[11/17] Linking CXX executable sdr_vrt_adapter_tests
[12/17] Linking CXX executable sdr_vrt_scheduled_start_tests
[13/17] Linking CXX executable sdr_processor_controller_tests
[14/17] Linking CXX executable radio
[15/17] Linking CXX executable sdr_radio_transport_tests
[16/17] Linking CXX executable processor
