{
  "four-radio-sdr": [
    {
      "lab_name": "four-radio-sdr",
      "labPath": "generated/four-radio.clab.yml",
      "absLabPath": "/home/rklinkhammer.guest/containerlab-vrt/generated/four-radio.clab.yml",
      "name": "clab-four-radio-sdr-detector",
      "container_id": "4e3a7155f26b",
      "image": "containerlab-vrt-app:local",
      "kind": "linux",
      "state": "running",
      "status": "Up 2 minutes",
      "ipv4_address": "172.31.79.7/24",
      "ipv6_address": "N/A",
      "owner": "rklinkhammer"
    },
    {
      "lab_name": "four-radio-sdr",
      "labPath": "generated/four-radio.clab.yml",
      "absLabPath": "/home/rklinkhammer.guest/containerlab-vrt/generated/four-radio.clab.yml",
      "name": "clab-four-radio-sdr-processor",
      "container_id": "88cee482e501",
      "image": "containerlab-vrt-app:local",
      "kind": "linux",
      "state": "running",
      "status": "Up 2 minutes",
      "ipv4_address": "172.31.79.2/24",
      "ipv6_address": "N/A",
      "owner": "rklinkhammer"
    },
    {
      "lab_name": "four-radio-sdr",
      "labPath": "generated/four-radio.clab.yml",
      "absLabPath": "/home/rklinkhammer.guest/containerlab-vrt/generated/four-radio.clab.yml",
      "name": "clab-four-radio-sdr-radio1",
      "container_id": "58094789aded",
      "image": "containerlab-vrt-app:local",
      "kind": "linux",
      "state": "running",
      "status": "Up 2 minutes",
      "ipv4_address": "172.31.79.8/24",
      "ipv6_address": "N/A",
      "owner": "rklinkhammer"
    },
    {
      "lab_name": "four-radio-sdr",
      "labPath": "generated/four-radio.clab.yml",
      "absLabPath": "/home/rklinkhammer.guest/containerlab-vrt/generated/four-radio.clab.yml",
      "name": "clab-four-radio-sdr-radio2",
      "container_id": "beaccbb4d0e9",
      "image": "containerlab-vrt-app:local",
      "kind": "linux",
      "state": "running",
      "status": "Up 2 minutes",
      "ipv4_address": "172.31.79.4/24",
      "ipv6_address": "N/A",
      "owner": "rklinkhammer"
    },
    {
      "lab_name": "four-radio-sdr",
      "labPath": "generated/four-radio.clab.yml",
      "absLabPath": "/home/rklinkhammer.guest/containerlab-vrt/generated/four-radio.clab.yml",
      "name": "clab-four-radio-sdr-radio3",
      "container_id": "576f76c648c5",
      "image": "containerlab-vrt-app:local",
      "kind": "linux",
      "state": "running",
      "status": "Up 2 minutes",
      "ipv4_address": "172.31.79.3/24",
      "ipv6_address": "N/A",
      "owner": "rklinkhammer"
    },
    {
      "lab_name": "four-radio-sdr",
      "labPath": "generated/four-radio.clab.yml",
      "absLabPath": "/home/rklinkhammer.guest/containerlab-vrt/generated/four-radio.clab.yml",
      "name": "clab-four-radio-sdr-radio4",
      "container_id": "4a1aeb09e996",
      "image": "containerlab-vrt-app:local",
      "kind": "linux",
      "state": "running",
      "status": "Up 2 minutes",
      "ipv4_address": "172.31.79.5/24",
      "ipv6_address": "N/A",
      "owner": "rklinkhammer"
    },
    {
      "lab_name": "four-radio-sdr",
      "labPath": "generated/four-radio.clab.yml",
      "absLabPath": "/home/rklinkhammer.guest/containerlab-vrt/generated/four-radio.clab.yml",
      "name": "clab-four-radio-sdr-recorder",
      "container_id": "60f1dc4cf266",
      "image": "containerlab-vrt-app:local",
      "kind": "linux",
      "state": "running",
      "status": "Up Less than a second",
      "ipv4_address": "172.31.79.6/24",
      "ipv6_address": "N/A",
      "owner": "rklinkhammer"
    },
    {
      "lab_name": "four-radio-sdr",
      "labPath": "generated/four-radio.clab.yml",
      "absLabPath": "/home/rklinkhammer.guest/containerlab-vrt/generated/four-radio.clab.yml",
      "name": "clab-four-radio-sdr-switch1",
      "container_id": "f61ab8886c09",
      "image": "ghcr.io/nokia/srlinux:25.10.1@sha256:bc8112667b5a87bee5039ade65b504ac2ef35511210d0675db6c7b0754e8cc4c",
      "kind": "nokia_srlinux",
      "state": "running",
      "status": "Up 2 minutes",
      "ipv4_address": "172.31.79.9/24",
      "ipv6_address": "N/A",
      "owner": "rklinkhammer"
    }
  ]
}
21:17:51 INFO Containerlab started version=0.79.0
21:17:51 INFO Parsing & checking topology file=four-radio.clab.yml
21:17:51 INFO Applying link change without node lifecycle action node=switch1 change="added link"
21:17:51 INFO Creating lab directory path=/home/rklinkhammer.guest/containerlab-vrt/generated/clab-four-radio-sdr
21:17:51 INFO Creating node node=recorder
21:17:51 INFO Creating container name=recorder
21:17:51 INFO Creating link link="recorder:eth1 -- switch1:e1-7"
21:17:51 INFO Created link: switch1:e1-7 (ethernet-1/7) ▪┄┄▪ recorder:eth1
21:17:51 INFO Executed command node=recorder command="ip link set dev eth1 mtu 9000" stdout=""
21:17:51 INFO Executed command node=recorder command="ip link set dev eth1 up" stdout=""
21:17:51 INFO Adding host entries path=/etc/hosts
21:17:51 INFO Adding SSH config for nodes path=/etc/ssh/ssh_config.d/clab-four-radio-sdr.conf
