{
  "four-radio-sdr": [
    {
      "lab_name": "four-radio-sdr",
      "labPath": "generated/four-radio.clab.yml",
      "absLabPath": "/home/rklinkhammer.guest/containerlab-vrt/generated/four-radio.clab.yml",
      "name": "clab-four-radio-sdr-detector",
      "container_id": "35e4d31ad272",
      "image": "containerlab-vrt-app:local",
      "kind": "linux",
      "state": "running",
      "status": "Up Less than a second",
      "ipv4_address": "172.31.79.4/24",
      "ipv6_address": "N/A",
      "owner": "rklinkhammer"
    },
    {
      "lab_name": "four-radio-sdr",
      "labPath": "generated/four-radio.clab.yml",
      "absLabPath": "/home/rklinkhammer.guest/containerlab-vrt/generated/four-radio.clab.yml",
      "name": "clab-four-radio-sdr-processor",
      "container_id": "d78d7fcb9540",
      "image": "containerlab-vrt-app:local",
      "kind": "linux",
      "state": "running",
      "status": "Up 52 seconds",
      "ipv4_address": "172.31.79.3/24",
      "ipv6_address": "N/A",
      "owner": "rklinkhammer"
    },
    {
      "lab_name": "four-radio-sdr",
      "labPath": "generated/four-radio.clab.yml",
      "absLabPath": "/home/rklinkhammer.guest/containerlab-vrt/generated/four-radio.clab.yml",
      "name": "clab-four-radio-sdr-radio1",
      "container_id": "98e82cd36b73",
      "image": "containerlab-vrt-app:local",
      "kind": "linux",
      "state": "running",
      "status": "Up 52 seconds",
      "ipv4_address": "172.31.79.5/24",
      "ipv6_address": "N/A",
      "owner": "rklinkhammer"
    },
    {
      "lab_name": "four-radio-sdr",
      "labPath": "generated/four-radio.clab.yml",
      "absLabPath": "/home/rklinkhammer.guest/containerlab-vrt/generated/four-radio.clab.yml",
      "name": "clab-four-radio-sdr-radio2",
      "container_id": "850223056c35",
      "image": "containerlab-vrt-app:local",
      "kind": "linux",
      "state": "running",
      "status": "Up 52 seconds",
      "ipv4_address": "172.31.79.7/24",
      "ipv6_address": "N/A",
      "owner": "rklinkhammer"
    },
    {
      "lab_name": "four-radio-sdr",
      "labPath": "generated/four-radio.clab.yml",
      "absLabPath": "/home/rklinkhammer.guest/containerlab-vrt/generated/four-radio.clab.yml",
      "name": "clab-four-radio-sdr-radio3",
      "container_id": "d8d7ca26485d",
      "image": "containerlab-vrt-app:local",
      "kind": "linux",
      "state": "running",
      "status": "Up 52 seconds",
      "ipv4_address": "172.31.79.9/24",
      "ipv6_address": "N/A",
      "owner": "rklinkhammer"
    },
    {
      "lab_name": "four-radio-sdr",
      "labPath": "generated/four-radio.clab.yml",
      "absLabPath": "/home/rklinkhammer.guest/containerlab-vrt/generated/four-radio.clab.yml",
      "name": "clab-four-radio-sdr-radio4",
      "container_id": "c7da3bea8fd1",
      "image": "containerlab-vrt-app:local",
      "kind": "linux",
      "state": "running",
      "status": "Up 52 seconds",
      "ipv4_address": "172.31.79.8/24",
      "ipv6_address": "N/A",
      "owner": "rklinkhammer"
    },
    {
      "lab_name": "four-radio-sdr",
      "labPath": "generated/four-radio.clab.yml",
      "absLabPath": "/home/rklinkhammer.guest/containerlab-vrt/generated/four-radio.clab.yml",
      "name": "clab-four-radio-sdr-recorder",
      "container_id": "e708f4a0c102",
      "image": "containerlab-vrt-app:local",
      "kind": "linux",
      "state": "running",
      "status": "Up 52 seconds",
      "ipv4_address": "172.31.79.2/24",
      "ipv6_address": "N/A",
      "owner": "rklinkhammer"
    },
    {
      "lab_name": "four-radio-sdr",
      "labPath": "generated/four-radio.clab.yml",
      "absLabPath": "/home/rklinkhammer.guest/containerlab-vrt/generated/four-radio.clab.yml",
      "name": "clab-four-radio-sdr-switch1",
      "container_id": "e563eb4680f5",
      "image": "ghcr.io/nokia/srlinux:25.10.1@sha256:bc8112667b5a87bee5039ade65b504ac2ef35511210d0675db6c7b0754e8cc4c",
      "kind": "nokia_srlinux",
      "state": "running",
      "status": "Up 52 seconds",
      "ipv4_address": "172.31.79.6/24",
      "ipv6_address": "N/A",
      "owner": "rklinkhammer"
    }
  ]
}
18:31:04 INFO Containerlab started version=0.79.0
18:31:04 INFO Parsing & checking topology file=four-radio.clab.yml
18:31:04 INFO Applying link change without node lifecycle action node=switch1 change="added link"
18:31:04 INFO Creating lab directory path=/home/rklinkhammer.guest/containerlab-vrt/generated/clab-four-radio-sdr
18:31:04 INFO Creating node node=detector
18:31:04 INFO Creating container name=detector
18:31:04 INFO Creating link link="detector:eth1 -- switch1:e1-6"
18:31:04 INFO Created link: switch1:e1-6 (ethernet-1/6) ▪┄┄▪ detector:eth1
18:31:04 INFO Executed command node=detector command="ip link set dev eth1 mtu 9000" stdout=""
18:31:04 INFO Executed command node=detector command="ip address replace 10.79.0.15/24 dev eth1" stdout=""
18:31:04 INFO Executed command node=detector command="ip link set dev eth1 up" stdout=""
18:31:04 INFO Adding host entries path=/etc/hosts
18:31:04 INFO Adding SSH config for nodes path=/etc/ssh/ssh_config.d/clab-four-radio-sdr.conf
