cleanup audit: PASS for the eight exact containers and management network
20:08:54 INFO Parsing & checking topology file=four-radio.clab.yml
20:08:54 INFO Parsing & checking topology file=four-radio.clab.yml
20:08:54 INFO Destroying lab name=four-radio-sdr
20:08:54 ERRO container "clab-four-radio-sdr-processor" exited; container output:
{"boot_id":"2b472bb61e782dd07e3c75aebe98d289","data":{"context_updates":0,"datagrams":0,"downstream_delivery":null,"malformed":0,"observed_unix_ns":1790381297520929108,"packet_gaps":0,"processing_calls":0,"processing_ns_total":0,"proven_packet_loss":null,"queue_depth":null,"rx_bytes":0,"send_failures":0,"spectra":0,"tx_bytes":0,"tx_packets":0,"unavailable":0},"event":"heartbeat","instance":"processor","last_successful_activity":null,"ready":true,"role":"processor","schema":"vrt.telemetry/1","sequence":1,"state":"idle","suppressed_events":0,"timestamp":"2026-09-26T00:08:17.521Z","uptime_ms":102}
{"context_updates":0,"datagrams":0,"malformed":0,"observed_unix_ns":1790381298522448525,"packet_gaps":0,"send_failures":0,"spectra":0,"type":"metrics","unavailable":0}
{"context_updates":0,"datagrams":0,"malformed":0,"observed_unix_ns":1790381299523673465,"packet_gaps":0,"send_failures":0,"spectra":0,"type":"metrics","unavailable":0}
{"confirms_execution":false,"observation_kind":7,"radio_id":"radio1","reason":"vrt_status_failed","received_packets":1,"route_failures":0,"type":"controller_error","validation_accepted":false}
{"context_updates":5,"datagrams":338,"malformed":168,"observed_unix_ns":1790381300521324307,"packet_gaps":0,"send_failures":0,"spectra":82,"type":"metrics","unavailable":0}
{"context_updates":21,"datagrams":4260,"malformed":168,"observed_unix_ns":1790381301520932979,"packet_gaps":0,"send_failures":0,"spectra":2034,"type":"metrics","unavailable":0}
{"confirms_execution":false,"observation_kind":6,"radio_id":"radio2","reason":"vrt_status_failed","received_packets":1,"route_failures":0,"type":"controller_error","validation_accepted":false}
{"context_updates":41,"datagrams":8186,"malformed":168,"observed_unix_ns":1790381302521272156,"packet_gaps":0,"send_failures":0,"spectra":3987,"type":"metrics","unavailable":0}
{"boot_id":"2b472bb61e782dd07e3c75aebe98d289","data":{"context_updates":41,"datagrams":8186,"downstream_delivery":null,"malformed":168,"observed_unix_ns":1790381302521297116,"packet_gaps":0,"processing_calls":8186,"processing_ns_total":175092211,"proven_packet_loss":null,"queue_depth":null,"rx_bytes":33624692,"send_failures":0,"spectra":3987,"tx_bytes":34192512,"tx_packets":3987,"unavailable":0},"event":"heartbeat","instance":"processor","last_successful_activity":"2026-09-26T00:08:22.521Z","ready":true,"role":"processor","schema":"vrt.telemetry/1","sequence":2,"state":"degraded","suppressed_events":0,"timestamp":"2026-09-26T00:08:22.521Z","uptime_ms":5102}
{"context_updates":61,"datagrams":12113,"malformed":168,"observed_unix_ns":1790381303520940624,"packet_gaps":0,"send_failures":0,"spectra":5942,"type":"metrics","unavailable":0}
{"confirms_execution":false,"observation_kind":6,"radio_id":"radio3","reason":"vrt_status_failed","received_packets":1,"route_failures":0,"type":"controller_error","validation_accepted":false}
{"context_updates":81,"datagrams":16038,"malformed":168,"observed_unix_ns":1790381304521001324,"packet_gaps":0,"send_failures":0,"spectra":7894,"type":"metrics","unavailable":0}
{"context_updates":101,"datagrams":19966,"malformed":168,"observed_unix_ns":1790381305521449008,"packet_gaps":0,"send_failures":0,"spectra":9847,"type":"metrics","unavailable":0}
{"confirms_execution":false,"observation_kind":6,"radio_id":"radio4","reason":"vrt_status_failed","received_packets":1,"route_failures":0,"type":"controller_error","validation_accepted":false}
{"context_updates":121,"datagrams":23890,"malformed":168,"observed_unix_ns":1790381306520935797,"packet_gaps":0,"send_failures":0,"spectra":11799,"type":"metrics","unavailable":0}
{"context_updates":137,"datagrams":27814,"malformed":168,"observed_unix_ns":1790381307521362521,"packet_gaps":0,"send_failures":0,"spectra":13754,"type":"metrics","unavailable":0}
{"boot_id":"2b472bb61e782dd07e3c75aebe98d289","data":{"context_updates":137,"datagrams":27814,"downstream_delivery":null,"malformed":168,"observed_unix_ns":1790381307521387231,"packet_gaps":0,"processing_calls":27814,"processing_ns_total":603180727,"proven_packet_loss":null,"queue_depth":null,"rx_bytes":114257780,"send_failures":0,"spectra":13754,"tx_bytes":117954304,"tx_packets":13754,"unavailable":0},"event":"heartbeat","instance":"processor","last_successful_activity":"2026-09-26T00:08:27.521Z","ready":true,"role":"processor","schema":"vrt.telemetry/1","sequence":3,"state":"degraded","suppressed_events":0,"timestamp":"2026-09-26T00:08:27.521Z","uptime_ms":10102}
{"context_updates":157,"datagrams":31740,"malformed":168,"observed_unix_ns":1790381308520952776,"packet_gaps":0,"send_failures":0,"spectra":15706,"type":"metrics","unavailable":0}
{"confirms_execution":false,"observation_kind":6,"radio_id":"radio1","reason":"vrt_status_failed","received_packets":2,"route_failures":0,"type":"controller_error","validation_accepted":false}
{"context_updates":177,"datagrams":35666,"malformed":168,"observed_unix_ns":1790381309521246574,"packet_gaps":0,"send_failures":0,"spectra":17659,"type":"metrics","unavailable":0}
{"context_updates":197,"datagrams":39593,"malformed":168,"observed_unix_ns":1790381310520962670,"packet_gaps":0,"send_failures":0,"spectra":19614,"type":"metrics","unavailable":0}
{"confirms_execution":false,"observation_kind":6,"radio_id":"radio2","reason":"vrt_status_failed","received_packets":2,"route_failures":0,"type":"controller_error","validation_accepted":false}
{"context_updates":217,"datagrams":43518,"malformed":168,"observed_unix_ns":1790381311521164713,"packet_gaps":0,"send_failures":0,"spectra":21566,"type":"metrics","unavailable":0}
{"context_updates":233,"datagrams":47441,"malformed":168,"observed_unix_ns":1790381312520931062,"packet_gaps":0,"send_failures":0,"spectra":23518,"type":"metrics","unavailable":0}
{"boot_id":"2b472bb61e782dd07e3c75aebe98d289","data":{"context_updates":233,"datagrams":47443,"downstream_delivery":null,"malformed":168,"observed_unix_ns":1790381312521648190,"packet_gaps":0,"processing_calls":47443,"processing_ns_total":1029981976,"proven_packet_loss":null,"queue_depth":null,"rx_bytes":194894996,"send_failures":0,"spectra":23520,"tx_bytes":201707520,"tx_packets":23520,"unavailable":0},"event":"heartbeat","instance":"processor","last_successful_activity":"2026-09-26T00:08:32.521Z","ready":true,"role":"processor","schema":"vrt.telemetry/1","sequence":4,"state":"degraded","suppressed_events":0,"timestamp":"2026-09-26T00:08:32.521Z","uptime_ms":15103}
{"context_updates":253,"datagrams":51366,"malformed":168,"observed_unix_ns":1790381313521053683,"packet_gaps":0,"send_failures":0,"spectra":25471,"type":"metrics","unavailable":0}
{"context_updates":273,"datagrams":55294,"malformed":168,"observed_unix_ns":1790381314521391276,"packet_gaps":0,"send_failures":0,"spectra":27426,"type":"metrics","unavailable":0}
{"context_updates":293,"datagrams":59219,"malformed":168,"observed_unix_ns":1790381315520949445,"packet_gaps":0,"send_failures":0,"spectra":29378,"type":"metrics","unavailable":0}
{"context_updates":313,"datagrams":63146,"malformed":168,"observed_unix_ns":1790381316521423214,"packet_gaps":0,"send_failures":0,"spectra":31331,"type":"metrics","unavailable":0}
{"confirms_execution":false,"observation_kind":6,"radio_id":"radio1","reason":"vrt_status_failed","received_packets":3,"route_failures":0,"type":"controller_error","validation_accepted":false}
{"context_updates":329,"datagrams":67068,"malformed":168,"observed_unix_ns":1790381317520968716,"packet_gaps":0,"send_failures":0,"spectra":33285,"type":"metrics","unavailable":0}
{"boot_id":"2b472bb61e782dd07e3c75aebe98d289","data":{"context_updates":329,"datagrams":67070,"downstream_delivery":null,"malformed":168,"observed_unix_ns":1790381317521681760,"packet_gaps":0,"processing_calls":67070,"processing_ns_total":1455767611,"proven_packet_loss":null,"queue_depth":null,"rx_bytes":275523956,"send_failures":0,"spectra":33286,"tx_bytes":285460736,"tx_packets":33286,"unavailable":0},"event":"heartbeat","instance":"processor","last_successful_activity":"2026-09-26T00:08:37.521Z","ready":true,"role":"processor","schema":"vrt.telemetry/1","sequence":5,"state":"degraded","suppressed_events":0,"timestamp":"2026-09-26T00:08:37.521Z","uptime_ms":20103}
{"context_updates":349,"datagrams":70994,"malformed":168,"observed_unix_ns":1790381318521157174,"packet_gaps":0,"send_failures":0,"spectra":35238,"type":"metrics","unavailable":0}
{"confirms_execution":false,"observation_kind":6,"radio_id":"radio2","reason":"vrt_status_failed","received_packets":3,"route_failures":0,"type":"controller_error","validation_accepted":false}
{"context_updates":369,"datagrams":74921,"malformed":168,"observed_unix_ns":1790381319520985027,"packet_gaps":0,"send_failures":0,"spectra":37190,"type":"metrics","unavailable":0}
{"context_updates":389,"datagrams":78846,"malformed":168,"observed_unix_ns":1790381320520999183,"packet_gaps":0,"send_failures":0,"spectra":39143,"type":"metrics","unavailable":0}
{"confirms_execution":false,"observation_kind":6,"radio_id":"radio3","reason":"vrt_status_failed","received_packets":2,"route_failures":0,"type":"controller_error","validation_accepted":false}
{"context_updates":409,"datagrams":82774,"malformed":168,"observed_unix_ns":1790381321521555123,"packet_gaps":0,"send_failures":0,"spectra":41098,"type":"metrics","unavailable":0}
{"context_updates":429,"datagrams":86698,"malformed":168,"observed_unix_ns":1790381322520977159,"packet_gaps":0,"send_failures":0,"spectra":43050,"type":"metrics","unavailable":0}
{"boot_id":"2b472bb61e782dd07e3c75aebe98d289","data":{"context_updates":429,"datagrams":86702,"downstream_delivery":null,"malformed":168,"observed_unix_ns":1790381322521936094,"packet_gaps":0,"processing_calls":86702,"processing_ns_total":1878255905,"proven_packet_loss":null,"queue_depth":null,"rx_bytes":356157252,"send_failures":0,"spectra":43051,"tx_bytes":369205376,"tx_packets":43051,"unavailable":0},"event":"heartbeat","instance":"processor","last_successful_activity":"2026-09-26T00:08:42.521Z","ready":true,"role":"processor","schema":"vrt.telemetry/1","sequence":6,"state":"degraded","suppressed_events":0,"timestamp":"2026-09-26T00:08:42.521Z","uptime_ms":25103}
{"confirms_execution":false,"observation_kind":6,"radio_id":"radio4","reason":"vrt_status_failed","received_packets":2,"route_failures":0,"type":"controller_error","validation_accepted":false}
{"context_updates":445,"datagrams":90622,"malformed":168,"observed_unix_ns":1790381323521400757,"packet_gaps":0,"send_failures":0,"spectra":45003,"type":"metrics","unavailable":0}
{"context_updates":465,"datagrams":94547,"malformed":168,"observed_unix_ns":1790381324520929008,"packet_gaps":0,"send_failures":0,"spectra":46956,"type":"metrics","unavailable":0}
{"confirms_execution":false,"observation_kind":6,"radio_id":"radio1","reason":"vrt_status_failed","received_packets":4,"route_failures":0,"type":"controller_error","validation_accepted":false}
{"context_updates":485,"datagrams":98474,"malformed":168,"observed_unix_ns":1790381325521209514,"packet_gaps":0,"send_failures":0,"spectra":48910,"type":"metrics","unavailable":0}
{"context_updates":505,"datagrams":102401,"malformed":168,"observed_unix_ns":1790381326520988322,"packet_gaps":0,"send_failures":0,"spectra":50862,"type":"metrics","unavailable":0}
{"confirms_execution":false,"observation_kind":6,"radio_id":"radio2","reason":"vrt_status_failed","received_packets":4,"route_failures":0,"type":"controller_error","validation_accepted":false}
{"context_updates":525,"datagrams":106326,"malformed":168,"observed_unix_ns":1790381327521220326,"packet_gaps":0,"send_failures":0,"spectra":52815,"type":"metrics","unavailable":0}
{"boot_id":"2b472bb61e782dd07e3c75aebe98d289","data":{"context_updates":525,"datagrams":106330,"downstream_delivery":null,"malformed":168,"observed_unix_ns":1790381327522165593,"packet_gaps":0,"processing_calls":106330,"processing_ns_total":2302784979,"proven_packet_loss":null,"queue_depth":null,"rx_bytes":436790340,"send_failures":0,"spectra":52818,"tx_bytes":452967168,"tx_packets":52818,"unavailable":0},"event":"heartbeat","instance":"processor","last_successful_activity":"2026-09-26T00:08:47.522Z","ready":true,"role":"processor","schema":"vrt.telemetry/1","sequence":7,"state":"degraded","suppressed_events":0,"timestamp":"2026-09-26T00:08:47.522Z","uptime_ms":30103}
{"context_updates":541,"datagrams":110249,"malformed":168,"observed_unix_ns":1790381328521000467,"packet_gaps":0,"send_failures":0,"spectra":54770,"type":"metrics","unavailable":0}
{"context_updates":561,"datagrams":114174,"malformed":168,"observed_unix_ns":1790381329520976287,"packet_gaps":0,"send_failures":0,"spectra":56722,"type":"metrics","unavailable":0}
{"context_updates":581,"datagrams":118102,"malformed":168,"observed_unix_ns":1790381330521437263,"packet_gaps":0,"send_failures":0,"spectra":58675,"type":"metrics","unavailable":0}
{"context_updates":601,"datagrams":122028,"malformed":168,"observed_unix_ns":1790381331521059770,"packet_gaps":0,"send_failures":0,"spectra":60629,"type":"metrics","unavailable":0}
{"context_updates":621,"datagrams":125954,"malformed":168,"observed_unix_ns":1790381332521375487,"packet_gaps":0,"send_failures":0,"spectra":62582,"type":"metrics","unavailable":0}
{"boot_id":"2b472bb61e782dd07e3c75aebe98d289","data":{"context_updates":621,"datagrams":125958,"downstream_delivery":null,"malformed":168,"observed_unix_ns":1790381332522427552,"packet_gaps":0,"processing_calls":125958,"processing_ns_total":2727852572,"proven_packet_loss":null,"queue_depth":null,"rx_bytes":517423428,"send_failures":0,"spectra":62583,"tx_bytes":536711808,"tx_packets":62583,"unavailable":0},"event":"heartbeat","instance":"processor","last_successful_activity":"2026-09-26T00:08:52.522Z","ready":true,"role":"processor","schema":"vrt.telemetry/1","sequence":8,"state":"degraded","suppressed_events":0,"timestamp":"2026-09-26T00:08:52.522Z","uptime_ms":35103}
{"boot_id":"2b472bb61e782dd07e3c75aebe98d289","data":{"context_updates":631,"datagrams":128671,"downstream_delivery":null,"malformed":168,"observed_unix_ns":1790381333214269108,"packet_gaps":0,"processing_calls":128671,"processing_ns_total":2787653901,"proven_packet_loss":null,"queue_depth":null,"rx_bytes":528581932,"send_failures":0,"spectra":63934,"tx_bytes":548297984,"tx_packets":63934,"unavailable":0},"event":"shutdown","instance":"processor","last_successful_activity":"2026-09-26T00:08:53.213Z","ready":false,"role":"processor","schema":"vrt.telemetry/1","sequence":9,"state":"degraded","suppressed_events":0,"timestamp":"2026-09-26T00:08:53.214Z","uptime_ms":35795}
{"context_updates":631,"datagrams":128671,"malformed":168,"observed_unix_ns":1790381333214316695,"packet_gaps":0,"send_failures":0,"spectra":63934,"type":"metrics","unavailable":0}
{"boot_changes":0,"configurations":0,"connection_attempts":13,"connections":0,"coordinated":false,"protocol_failures":16,"reconnects":0,"stale_starts_replayed":0,"starts_admitted":0,"starts_submitted":0,"status_failures":0,"type":"controller_metrics"}
{"confirms_execution":false,"observation_kind":6,"radio_id":"radio1","reason":"vrt_status_failed","received_packets":5,"route_failures":0,"type":"controller_error","validation_accepted":false}
20:08:54 INFO Removed container name=clab-four-radio-sdr-processor
20:08:55 ERRO container "clab-four-radio-sdr-recorder" exited; container output:
{"boot_id":"9ff2b77c772008448225a9378cd13469","data":{"durably_committed_bytes":null,"kernel_drops":0,"pcap_bytes_accepted":0,"pcap_enabled":false,"pcap_frames":0,"pcap_io_errors":0,"pcap_limit_reached":false,"queue_depth":null,"receive_errors":0,"receive_truncations":0,"rx_frames":0,"rx_wire_bytes":0},"event":"heartbeat","instance":"recorder","last_successful_activity":null,"ready":true,"role":"recorder","schema":"vrt.telemetry/1","sequence":1,"state":"idle","suppressed_events":0,"timestamp":"2026-09-26T00:07:24.692Z","uptime_ms":106}
{"boot_id":"9ff2b77c772008448225a9378cd13469","data":{"durably_committed_bytes":null,"kernel_drops":0,"pcap_bytes_accepted":0,"pcap_enabled":false,"pcap_frames":0,"pcap_io_errors":0,"pcap_limit_reached":false,"queue_depth":null,"receive_errors":0,"receive_truncations":0,"rx_frames":12,"rx_wire_bytes":1016},"event":"heartbeat","instance":"recorder","last_successful_activity":"2026-09-26T00:07:28.642Z","ready":true,"role":"recorder","schema":"vrt.telemetry/1","sequence":2,"state":"healthy","suppressed_events":0,"timestamp":"2026-09-26T00:07:29.843Z","uptime_ms":5257}
{"boot_id":"9ff2b77c772008448225a9378cd13469","data":{"durably_committed_bytes":null,"kernel_drops":0,"pcap_bytes_accepted":0,"pcap_enabled":false,"pcap_frames":0,"pcap_io_errors":0,"pcap_limit_reached":false,"queue_depth":null,"receive_errors":0,"receive_truncations":0,"rx_frames":13,"rx_wire_bytes":1086},"event":"heartbeat","instance":"recorder","last_successful_activity":"2026-09-26T00:07:30.754Z","ready":true,"role":"recorder","schema":"vrt.telemetry/1","sequence":3,"state":"healthy","suppressed_events":0,"timestamp":"2026-09-26T00:07:34.958Z","uptime_ms":10373}
{"boot_id":"9ff2b77c772008448225a9378cd13469","data":{"durably_committed_bytes":null,"kernel_drops":0,"pcap_bytes_accepted":0,"pcap_enabled":false,"pcap_frames":0,"pcap_io_errors":0,"pcap_limit_reached":false,"queue_depth":null,"receive_errors":0,"receive_truncations":0,"rx_frames":178,"rx_wire_bytes":16709},"event":"heartbeat","instance":"recorder","last_successful_activity":"2026-09-26T00:07:39.786Z","ready":true,"role":"recorder","schema":"vrt.telemetry/1","sequence":4,"state":"healthy","suppressed_events":0,"timestamp":"2026-09-26T00:07:39.986Z","uptime_ms":15400}
{"boot_id":"9ff2b77c772008448225a9378cd13469","data":{"durably_committed_bytes":null,"kernel_drops":0,"pcap_bytes_accepted":0,"pcap_enabled":false,"pcap_frames":0,"pcap_io_errors":0,"pcap_limit_reached":false,"queue_depth":null,"receive_errors":0,"receive_truncations":0,"rx_frames":22765,"rx_wire_bytes":126610351},"event":"heartbeat","instance":"recorder","last_successful_activity":"2026-09-26T00:07:44.986Z","ready":true,"role":"recorder","schema":"vrt.telemetry/1","sequence":5,"state":"healthy","suppressed_events":0,"timestamp":"2026-09-26T00:07:44.986Z","uptime_ms":20400}
{"boot_id":"9ff2b77c772008448225a9378cd13469","data":{"durably_committed_bytes":null,"kernel_drops":0,"pcap_bytes_accepted":0,"pcap_enabled":false,"pcap_frames":0,"pcap_io_errors":0,"pcap_limit_reached":false,"queue_depth":null,"receive_errors":0,"receive_truncations":0,"rx_frames":52257,"rx_wire_bytes":292224407},"event":"heartbeat","instance":"recorder","last_successful_activity":"2026-09-26T00:07:49.986Z","ready":true,"role":"recorder","schema":"vrt.telemetry/1","sequence":6,"state":"healthy","suppressed_events":0,"timestamp":"2026-09-26T00:07:49.986Z","uptime_ms":25401}
{"boot_id":"9ff2b77c772008448225a9378cd13469","data":{"durably_committed_bytes":null,"kernel_drops":0,"pcap_bytes_accepted":0,"pcap_enabled":false,"pcap_frames":0,"pcap_io_errors":0,"pcap_limit_reached":false,"queue_depth":null,"receive_errors":0,"receive_truncations":0,"rx_frames":81754,"rx_wire_bytes":457851809},"event":"heartbeat","instance":"recorder","last_successful_activity":"2026-09-26T00:07:54.987Z","ready":true,"role":"recorder","schema":"vrt.telemetry/1","sequence":7,"state":"healthy","suppressed_events":0,"timestamp":"2026-09-26T00:07:54.987Z","uptime_ms":30401}
{"boot_id":"9ff2b77c772008448225a9378cd13469","data":{"durably_committed_bytes":null,"kernel_drops":0,"pcap_bytes_accepted":0,"pcap_enabled":false,"pcap_frames":0,"pcap_io_errors":0,"pcap_limit_reached":false,"queue_depth":null,"receive_errors":0,"receive_truncations":0,"rx_frames":111250,"rx_wire_bytes":623475041},"event":"heartbeat","instance":"recorder","last_successful_activity":"2026-09-26T00:07:59.987Z","ready":true,"role":"recorder","schema":"vrt.telemetry/1","sequence":8,"state":"healthy","suppressed_events":0,"timestamp":"2026-09-26T00:07:59.987Z","uptime_ms":35401}
{"boot_id":"9ff2b77c772008448225a9378cd13469","data":{"durably_committed_bytes":null,"kernel_drops":0,"pcap_bytes_accepted":0,"pcap_enabled":false,"pcap_frames":0,"pcap_io_errors":0,"pcap_limit_reached":false,"queue_depth":null,"receive_errors":0,"receive_truncations":0,"rx_frames":140742,"rx_wire_bytes":789089097},"event":"heartbeat","instance":"recorder","last_successful_activity":"2026-09-26T00:08:04.987Z","ready":true,"role":"recorder","schema":"vrt.telemetry/1","sequence":9,"state":"healthy","suppressed_events":0,"timestamp":"2026-09-26T00:08:04.987Z","uptime_ms":40401}
{"boot_id":"9ff2b77c772008448225a9378cd13469","data":{"durably_committed_bytes":null,"kernel_drops":0,"pcap_bytes_accepted":0,"pcap_enabled":false,"pcap_frames":0,"pcap_io_errors":0,"pcap_limit_reached":false,"queue_depth":null,"receive_errors":0,"receive_truncations":0,"rx_frames":170239,"rx_wire_bytes":954737804},"event":"heartbeat","instance":"recorder","last_successful_activity":"2026-09-26T00:08:09.987Z","ready":true,"role":"recorder","schema":"vrt.telemetry/1","sequence":10,"state":"healthy","suppressed_events":0,"timestamp":"2026-09-26T00:08:09.987Z","uptime_ms":45401}
{"boot_id":"9ff2b77c772008448225a9378cd13469","data":{"durably_committed_bytes":null,"kernel_drops":0,"pcap_bytes_accepted":0,"pcap_enabled":false,"pcap_frames":0,"pcap_io_errors":0,"pcap_limit_reached":false,"queue_depth":null,"receive_errors":0,"receive_truncations":0,"rx_frames":199737,"rx_wire_bytes":1120352320},"event":"heartbeat","instance":"recorder","last_successful_activity":"2026-09-26T00:08:14.987Z","ready":true,"role":"recorder","schema":"vrt.telemetry/1","sequence":11,"state":"healthy","suppressed_events":0,"timestamp":"2026-09-26T00:08:14.987Z","uptime_ms":50401}
{"boot_id":"9ff2b77c772008448225a9378cd13469","data":{"durably_committed_bytes":null,"kernel_drops":0,"pcap_bytes_accepted":0,"pcap_enabled":false,"pcap_frames":0,"pcap_io_errors":0,"pcap_limit_reached":false,"queue_depth":null,"receive_errors":0,"receive_truncations":0,"rx_frames":223241,"rx_wire_bytes":1234565240},"event":"heartbeat","instance":"recorder","last_successful_activity":"2026-09-26T00:08:19.987Z","ready":true,"role":"recorder","schema":"vrt.telemetry/1","sequence":12,"state":"healthy","suppressed_events":0,"timestamp":"2026-09-26T00:08:19.987Z","uptime_ms":55401}
{"boot_id":"9ff2b77c772008448225a9378cd13469","data":{"durably_committed_bytes":null,"kernel_drops":0,"pcap_bytes_accepted":0,"pcap_enabled":false,"pcap_frames":0,"pcap_io_errors":0,"pcap_limit_reached":false,"queue_depth":null,"receive_errors":0,"receive_truncations":0,"rx_frames":251706,"rx_wire_bytes":1391910906},"event":"heartbeat","instance":"recorder","last_successful_activity":"2026-09-26T00:08:24.988Z","ready":true,"role":"recorder","schema":"vrt.telemetry/1","sequence":13,"state":"healthy","suppressed_events":0,"timestamp":"2026-09-26T00:08:24.988Z","uptime_ms":60402}
{"boot_id":"9ff2b77c772008448225a9378cd13469","data":{"durably_committed_bytes":null,"kernel_drops":0,"pcap_bytes_accepted":0,"pcap_enabled":false,"pcap_frames":0,"pcap_io_errors":0,"pcap_limit_reached":false,"queue_depth":null,"receive_errors":0,"receive_truncations":0,"rx_frames":281126,"rx_wire_bytes":1557516558},"event":"heartbeat","instance":"recorder","last_successful_activity":"2026-09-26T00:08:29.988Z","ready":true,"role":"recorder","schema":"vrt.telemetry/1","sequence":14,"state":"healthy","suppressed_events":0,"timestamp":"2026-09-26T00:08:29.988Z","uptime_ms":65402}
{"boot_id":"9ff2b77c772008448225a9378cd13469","data":{"durably_committed_bytes":null,"kernel_drops":0,"pcap_bytes_accepted":0,"pcap_enabled":false,"pcap_frames":0,"pcap_io_errors":0,"pcap_limit_reached":false,"queue_depth":null,"receive_errors":0,"receive_truncations":0,"rx_frames":310549,"rx_wire_bytes":1723156580},"event":"heartbeat","instance":"recorder","last_successful_activity":"2026-09-26T00:08:34.988Z","ready":true,"role":"recorder","schema":"vrt.telemetry/1","sequence":15,"state":"healthy","suppressed_events":0,"timestamp":"2026-09-26T00:08:34.988Z","uptime_ms":70402}
{"boot_id":"9ff2b77c772008448225a9378cd13469","data":{"durably_committed_bytes":null,"kernel_drops":0,"pcap_bytes_accepted":0,"pcap_enabled":false,"pcap_frames":0,"pcap_io_errors":0,"pcap_limit_reached":false,"queue_depth":null,"receive_errors":0,"receive_truncations":0,"rx_frames":339965,"rx_wire_bytes":1888762121},"event":"heartbeat","instance":"recorder","last_successful_activity":"2026-09-26T00:08:39.988Z","ready":true,"role":"recorder","schema":"vrt.telemetry/1","sequence":16,"state":"healthy","suppressed_events":0,"timestamp":"2026-09-26T00:08:39.988Z","uptime_ms":75402}
{"boot_id":"9ff2b77c772008448225a9378cd13469","data":{"durably_committed_bytes":null,"kernel_drops":0,"pcap_bytes_accepted":0,"pcap_enabled":false,"pcap_frames":0,"pcap_io_errors":0,"pcap_limit_reached":false,"queue_depth":null,"receive_errors":0,"receive_truncations":0,"rx_frames":369385,"rx_wire_bytes":2054402017},"event":"heartbeat","instance":"recorder","last_successful_activity":"2026-09-26T00:08:44.988Z","ready":true,"role":"recorder","schema":"vrt.telemetry/1","sequence":17,"state":"healthy","suppressed_events":0,"timestamp":"2026-09-26T00:08:44.988Z","uptime_ms":80402}
{"boot_id":"9ff2b77c772008448225a9378cd13469","data":{"durably_committed_bytes":null,"kernel_drops":0,"pcap_bytes_accepted":0,"pcap_enabled":false,"pcap_frames":0,"pcap_io_errors":0,"pcap_limit_reached":false,"queue_depth":null,"receive_errors":0,"receive_truncations":0,"rx_frames":398799,"rx_wire_bytes":2220007233},"event":"heartbeat","instance":"recorder","last_successful_activity":"2026-09-26T00:08:49.988Z","ready":true,"role":"recorder","schema":"vrt.telemetry/1","sequence":18,"state":"healthy","suppressed_events":0,"timestamp":"2026-09-26T00:08:49.988Z","uptime_ms":85403}
{"boot_id":"9ff2b77c772008448225a9378cd13469","data":{"reason":"APPLICATION_ERROR"},"event":"failure","instance":"recorder","last_successful_activity":null,"ready":false,"role":"recorder","schema":"vrt.telemetry/1","sequence":19,"state":"failed","suppressed_events":0,"timestamp":"2026-09-26T00:08:54.952Z","uptime_ms":90366}
recorder: application error (see documented configuration requirements)
20:08:55 INFO Removed container name=clab-four-radio-sdr-recorder
20:08:55 INFO Removed container name=clab-four-radio-sdr-radio2
20:08:55 INFO Removed container name=clab-four-radio-sdr-detector
20:08:55 INFO Removed container name=clab-four-radio-sdr-switch1
20:08:55 INFO Removed container name=clab-four-radio-sdr-radio3
20:08:55 INFO Removed container name=clab-four-radio-sdr-radio4
20:08:55 INFO Removed container name=clab-four-radio-sdr-radio1
20:08:55 INFO Removing host entries path=/etc/hosts
20:08:55 INFO Removing SSH config path=/etc/ssh/ssh_config.d/clab-four-radio-sdr.conf
