18:07:38 INFO Containerlab started version=0.79.0
18:07:38 INFO Parsing & checking topology file=four-radio.clab.yml
18:07:38 INFO Creating docker network name=four-radio-sdr-mgmt IPv4 subnet=172.31.79.0/24 IPv6 subnet="" MTU=0
18:07:38 INFO Creating lab directory path=/home/rklinkhammer.guest/containerlab-vrt/generated/clab-four-radio-sdr
18:07:38 INFO Creating container name=radio2
18:07:38 INFO Creating container name=radio4
18:07:38 INFO Creating container name=radio3
18:07:38 INFO Creating container name=processor
18:07:38 INFO Creating container name=recorder
18:07:38 INFO Creating container name=radio1
18:07:38 INFO Creating container name=switch1
18:07:38 INFO Creating container name=detector
18:07:38 INFO Created link: switch1:e1-1 (ethernet-1/1) ▪┄┄▪ radio1:eth1
18:07:38 INFO Created link: switch1:e1-2 (ethernet-1/2) ▪┄┄▪ radio2:eth1
18:07:38 INFO Created link: switch1:e1-3 (ethernet-1/3) ▪┄┄▪ radio3:eth1
18:07:38 INFO Created link: switch1:e1-4 (ethernet-1/4) ▪┄┄▪ radio4:eth1
18:07:38 INFO Created link: switch1:e1-5 (ethernet-1/5) ▪┄┄▪ processor:eth1
18:07:38 INFO Created link: switch1:e1-6 (ethernet-1/6) ▪┄┄▪ detector:eth1
18:07:38 ERRO node "switch1" deploy links: Link not found
18:07:38 WARN could not read logs for exited container "clab-four-radio-sdr-recorder": context canceled
18:07:38 ERRO node "recorder": cannot exec a command, container network namespace is not available (status=Stopped)
18:07:38 ERRO clab-four-radio-sdr-radio3: failed to execute cmd: "ip link set dev eth1 up" with error context canceled
18:07:38 ERRO clab-four-radio-sdr-recorder: failed to execute cmd: "ip link set dev eth1 mtu 9000" with error Get "http://%2Fvar%2Frun%2Fdocker.sock/v1.51/containers/clab-four-radio-sdr-recorder/json": context canceled
18:07:38 ERRO clab-four-radio-sdr-recorder: failed to execute cmd: "ip link set dev eth1 up" with error Get "http://%2Fvar%2Frun%2Fdocker.sock/v1.51/containers/clab-four-radio-sdr-recorder/json": context canceled
18:07:38 ERRO clab-four-radio-sdr-radio4: failed to execute cmd: "ip link set dev eth1 up" with error context canceled
          
   ERROR  
          
  Deployment failed for one or more nodes: node "switch1" deploy links: Link not found.                               

deployment did not complete; removing only resources named by the generated topology
18:07:38 INFO Parsing & checking topology file=four-radio.clab.yml
18:07:38 INFO Parsing & checking topology file=four-radio.clab.yml
18:07:39 INFO Destroying lab name=four-radio-sdr
18:07:39 ERRO container "clab-four-radio-sdr-recorder" exited; container output:
{"boot_id":"bae56ca90654f3e8b1ddbfe909824b5e","data":{"durably_committed_bytes":null,"kernel_drops":0,"pcap_bytes_accepted":0,"pcap_enabled":false,"pcap_frames":0,"pcap_io_errors":0,"pcap_limit_reached":false,"queue_depth":null,"receive_errors":0,"receive_truncations":0,"rx_frames":0,"rx_wire_bytes":0},"event":"heartbeat","instance":"recorder","last_successful_activity":null,"ready":true,"role":"recorder","schema":"vrt.telemetry/1","sequence":1,"state":"idle","suppressed_events":0,"timestamp":"2026-09-25T22:07:38.862Z","uptime_ms":103}
{"boot_id":"bae56ca90654f3e8b1ddbfe909824b5e","data":{"reason":"APPLICATION_ERROR"},"event":"failure","instance":"recorder","last_successful_activity":null,"ready":false,"role":"recorder","schema":"vrt.telemetry/1","sequence":2,"state":"failed","suppressed_events":0,"timestamp":"2026-09-25T22:07:38.862Z","uptime_ms":103}
recorder: application error (see documented configuration requirements)
18:07:39 INFO Removed container name=clab-four-radio-sdr-recorder
18:07:39 INFO Removed container name=clab-four-radio-sdr-radio3
18:07:39 INFO Removed container name=clab-four-radio-sdr-radio1
18:07:39 INFO Removed container name=clab-four-radio-sdr-switch1
18:07:39 INFO Removed container name=clab-four-radio-sdr-processor
18:07:39 INFO Removed container name=clab-four-radio-sdr-detector
18:07:39 INFO Removed container name=clab-four-radio-sdr-radio2
18:07:39 INFO Removed container name=clab-four-radio-sdr-radio4
18:07:39 INFO Removing host entries path=/etc/hosts
18:07:39 INFO Removing SSH config path=/etc/ssh/ssh_config.d/clab-four-radio-sdr.conf
