cleanup audit: PASS for the eight exact containers and management network
20:30:20 INFO Parsing & checking topology file=four-radio.clab.yml
20:30:21 INFO Parsing & checking topology file=four-radio.clab.yml
20:30:21 INFO Destroying lab name=four-radio-sdr
20:30:21 ERRO container "clab-four-radio-sdr-processor" exited; container output:
{"boot_id":"ebab4d3ff76968098ce62d7ae193da27","data":{"context_updates":0,"datagrams":0,"downstream_delivery":null,"malformed":0,"observed_unix_ns":1790382579928558209,"packet_gaps":0,"processing_calls":0,"processing_ns_total":0,"proven_packet_loss":null,"queue_depth":null,"rx_bytes":0,"send_failures":0,"spectra":0,"tx_bytes":0,"tx_packets":0,"unavailable":0},"event":"heartbeat","instance":"processor","last_successful_activity":null,"ready":true,"role":"processor","schema":"vrt.telemetry/1","sequence":1,"state":"idle","suppressed_events":0,"timestamp":"2026-09-26T00:29:39.928Z","uptime_ms":102}
{"context_updates":0,"datagrams":0,"malformed":0,"observed_unix_ns":1790382580929888225,"packet_gaps":0,"send_failures":0,"spectra":0,"type":"metrics","unavailable":0}
{"radio_id":"radio1","state":"radio_quiesced_for_reconfiguration","type":"controller"}
{"radio_id":"radio2","state":"radio_quiesced_for_reconfiguration","type":"controller"}
{"radio_id":"radio3","state":"radio_quiesced_for_reconfiguration","type":"controller"}
{"radio_id":"radio4","state":"radio_quiesced_for_reconfiguration","type":"controller"}
{"start_epoch":{"picoseconds":74055440000,"seconds":1790382586},"state":"coordinated","type":"controller"}
{"context_updates":1,"datagrams":142,"malformed":130,"observed_unix_ns":1790382581931964569,"packet_gaps":0,"send_failures":0,"spectra":5,"type":"metrics","unavailable":0}
{"context_updates":1,"datagrams":142,"malformed":130,"observed_unix_ns":1790382582933166309,"packet_gaps":0,"send_failures":0,"spectra":5,"type":"metrics","unavailable":0}
{"context_updates":1,"datagrams":142,"malformed":130,"observed_unix_ns":1790382583934387921,"packet_gaps":0,"send_failures":0,"spectra":5,"type":"metrics","unavailable":0}
{"context_updates":1,"datagrams":142,"malformed":130,"observed_unix_ns":1790382584935538791,"packet_gaps":0,"send_failures":0,"spectra":5,"type":"metrics","unavailable":0}
{"boot_id":"ebab4d3ff76968098ce62d7ae193da27","data":{"context_updates":1,"datagrams":142,"downstream_delivery":null,"malformed":130,"observed_unix_ns":1790382584935563663,"packet_gaps":0,"processing_calls":142,"processing_ns_total":328506,"proven_packet_loss":null,"queue_depth":null,"rx_bytes":582100,"send_failures":0,"spectra":5,"tx_bytes":42880,"tx_packets":5,"unavailable":0},"event":"heartbeat","instance":"processor","last_successful_activity":"2026-09-26T00:29:41.031Z","ready":true,"role":"processor","schema":"vrt.telemetry/1","sequence":2,"state":"degraded","suppressed_events":0,"timestamp":"2026-09-26T00:29:44.935Z","uptime_ms":5109}
{"context_updates":1,"datagrams":142,"malformed":130,"observed_unix_ns":1790382585936764402,"packet_gaps":0,"send_failures":0,"spectra":5,"type":"metrics","unavailable":0}
{"context_updates":21,"datagrams":3499,"malformed":130,"observed_unix_ns":1790382586928591499,"packet_gaps":0,"send_failures":0,"spectra":1673,"type":"metrics","unavailable":0}
{"context_updates":41,"datagrams":7427,"malformed":130,"observed_unix_ns":1790382587929092322,"packet_gaps":0,"send_failures":0,"spectra":3627,"type":"metrics","unavailable":0}
{"context_updates":57,"datagrams":11350,"malformed":130,"observed_unix_ns":1790382588928557308,"packet_gaps":0,"send_failures":0,"spectra":5581,"type":"metrics","unavailable":0}
{"context_updates":77,"datagrams":15275,"malformed":130,"observed_unix_ns":1790382589928831365,"packet_gaps":0,"send_failures":0,"spectra":7533,"type":"metrics","unavailable":0}
{"boot_id":"ebab4d3ff76968098ce62d7ae193da27","data":{"context_updates":77,"datagrams":15303,"downstream_delivery":null,"malformed":130,"observed_unix_ns":1790382589936038180,"packet_gaps":0,"processing_calls":15303,"processing_ns_total":328153559,"proven_packet_loss":null,"queue_depth":null,"rx_bytes":62856932,"send_failures":0,"spectra":7546,"tx_bytes":64714496,"tx_packets":7546,"unavailable":0},"event":"heartbeat","instance":"processor","last_successful_activity":"2026-09-26T00:29:49.936Z","ready":true,"role":"processor","schema":"vrt.telemetry/1","sequence":3,"state":"degraded","suppressed_events":0,"timestamp":"2026-09-26T00:29:49.936Z","uptime_ms":10110}
{"context_updates":97,"datagrams":19203,"malformed":130,"observed_unix_ns":1790382590929322605,"packet_gaps":0,"send_failures":0,"spectra":9487,"type":"metrics","unavailable":0}
{"context_updates":117,"datagrams":23127,"malformed":130,"observed_unix_ns":1790382591928870081,"packet_gaps":0,"send_failures":0,"spectra":11438,"type":"metrics","unavailable":0}
{"context_updates":137,"datagrams":27055,"malformed":130,"observed_unix_ns":1790382592929255292,"packet_gaps":0,"send_failures":0,"spectra":13394,"type":"metrics","unavailable":0}
{"context_updates":153,"datagrams":30975,"malformed":130,"observed_unix_ns":1790382593928662077,"packet_gaps":0,"send_failures":0,"spectra":15346,"type":"metrics","unavailable":0}
{"context_updates":173,"datagrams":34903,"malformed":130,"observed_unix_ns":1790382594929045954,"packet_gaps":0,"send_failures":0,"spectra":17299,"type":"metrics","unavailable":0}
{"boot_id":"ebab4d3ff76968098ce62d7ae193da27","data":{"context_updates":173,"datagrams":34931,"downstream_delivery":null,"malformed":130,"observed_unix_ns":1790382594936207150,"packet_gaps":0,"processing_calls":34931,"processing_ns_total":752609964,"proven_packet_loss":null,"queue_depth":null,"rx_bytes":143490020,"send_failures":0,"spectra":17313,"tx_bytes":148476288,"tx_packets":17313,"unavailable":0},"event":"heartbeat","instance":"processor","last_successful_activity":"2026-09-26T00:29:54.936Z","ready":true,"role":"processor","schema":"vrt.telemetry/1","sequence":4,"state":"degraded","suppressed_events":0,"timestamp":"2026-09-26T00:29:54.936Z","uptime_ms":15110}
{"context_updates":193,"datagrams":38830,"malformed":130,"observed_unix_ns":1790382595928715833,"packet_gaps":0,"send_failures":0,"spectra":19253,"type":"metrics","unavailable":0}
{"context_updates":213,"datagrams":42755,"malformed":130,"observed_unix_ns":1790382596928862489,"packet_gaps":0,"send_failures":0,"spectra":21205,"type":"metrics","unavailable":0}
{"context_updates":233,"datagrams":46681,"malformed":130,"observed_unix_ns":1790382597928560114,"packet_gaps":0,"send_failures":0,"spectra":23157,"type":"metrics","unavailable":0}
{"context_updates":253,"datagrams":50607,"malformed":130,"observed_unix_ns":1790382598928825506,"packet_gaps":0,"send_failures":0,"spectra":25111,"type":"metrics","unavailable":0}
{"context_updates":269,"datagrams":54532,"malformed":130,"observed_unix_ns":1790382599929289415,"packet_gaps":0,"send_failures":0,"spectra":27066,"type":"metrics","unavailable":0}
{"boot_id":"ebab4d3ff76968098ce62d7ae193da27","data":{"context_updates":269,"datagrams":54559,"downstream_delivery":null,"malformed":130,"observed_unix_ns":1790382599936420656,"packet_gaps":0,"processing_calls":54559,"processing_ns_total":1177059539,"proven_packet_loss":null,"queue_depth":null,"rx_bytes":224123108,"send_failures":0,"spectra":27079,"tx_bytes":232229504,"tx_packets":27079,"unavailable":0},"event":"heartbeat","instance":"processor","last_successful_activity":"2026-09-26T00:29:59.936Z","ready":true,"role":"processor","schema":"vrt.telemetry/1","sequence":5,"state":"degraded","suppressed_events":0,"timestamp":"2026-09-26T00:29:59.936Z","uptime_ms":20110}
{"context_updates":289,"datagrams":58455,"malformed":130,"observed_unix_ns":1790382600928636665,"packet_gaps":0,"send_failures":0,"spectra":29017,"type":"metrics","unavailable":0}
{"context_updates":309,"datagrams":62383,"malformed":130,"observed_unix_ns":1790382601929274096,"packet_gaps":0,"send_failures":0,"spectra":30971,"type":"metrics","unavailable":0}
{"context_updates":329,"datagrams":66309,"malformed":130,"observed_unix_ns":1790382602928652093,"packet_gaps":0,"send_failures":0,"spectra":32924,"type":"metrics","unavailable":0}
{"context_updates":349,"datagrams":70235,"malformed":130,"observed_unix_ns":1790382603929099671,"packet_gaps":0,"send_failures":0,"spectra":34878,"type":"metrics","unavailable":0}
{"context_updates":365,"datagrams":74159,"malformed":130,"observed_unix_ns":1790382604929438887,"packet_gaps":0,"send_failures":0,"spectra":36831,"type":"metrics","unavailable":0}
{"boot_id":"ebab4d3ff76968098ce62d7ae193da27","data":{"context_updates":365,"datagrams":74187,"downstream_delivery":null,"malformed":130,"observed_unix_ns":1790382604936627705,"packet_gaps":0,"processing_calls":74187,"processing_ns_total":1600156119,"proven_packet_loss":null,"queue_depth":null,"rx_bytes":304756196,"send_failures":0,"spectra":36846,"tx_bytes":315991296,"tx_packets":36846,"unavailable":0},"event":"heartbeat","instance":"processor","last_successful_activity":"2026-09-26T00:30:04.936Z","ready":true,"role":"processor","schema":"vrt.telemetry/1","sequence":6,"state":"degraded","suppressed_events":0,"timestamp":"2026-09-26T00:30:04.936Z","uptime_ms":25110}
{"context_updates":385,"datagrams":78083,"malformed":130,"observed_unix_ns":1790382605928865545,"packet_gaps":0,"send_failures":0,"spectra":38783,"type":"metrics","unavailable":0}
{"context_updates":405,"datagrams":82010,"malformed":130,"observed_unix_ns":1790382606928606748,"packet_gaps":0,"send_failures":0,"spectra":40737,"type":"metrics","unavailable":0}
{"context_updates":425,"datagrams":85935,"malformed":130,"observed_unix_ns":1790382607928754612,"packet_gaps":0,"send_failures":0,"spectra":42689,"type":"metrics","unavailable":0}
{"context_updates":445,"datagrams":89863,"malformed":130,"observed_unix_ns":1790382608929200024,"packet_gaps":0,"send_failures":0,"spectra":44642,"type":"metrics","unavailable":0}
{"context_updates":461,"datagrams":93783,"malformed":130,"observed_unix_ns":1790382609928635889,"packet_gaps":0,"send_failures":0,"spectra":46594,"type":"metrics","unavailable":0}
{"boot_id":"ebab4d3ff76968098ce62d7ae193da27","data":{"context_updates":465,"datagrams":93819,"downstream_delivery":null,"malformed":130,"observed_unix_ns":1790382609936849793,"packet_gaps":0,"processing_calls":93819,"processing_ns_total":2025469456,"proven_packet_loss":null,"queue_depth":null,"rx_bytes":385389492,"send_failures":0,"spectra":46611,"tx_bytes":399735936,"tx_packets":46611,"unavailable":0},"event":"heartbeat","instance":"processor","last_successful_activity":"2026-09-26T00:30:09.936Z","ready":true,"role":"processor","schema":"vrt.telemetry/1","sequence":7,"state":"degraded","suppressed_events":0,"timestamp":"2026-09-26T00:30:09.936Z","uptime_ms":30110}
{"context_updates":481,"datagrams":97711,"malformed":130,"observed_unix_ns":1790382610929051263,"packet_gaps":0,"send_failures":0,"spectra":48549,"type":"metrics","unavailable":0}
{"context_updates":501,"datagrams":101637,"malformed":130,"observed_unix_ns":1790382611928627736,"packet_gaps":0,"send_failures":0,"spectra":50502,"type":"metrics","unavailable":0}
{"context_updates":521,"datagrams":105563,"malformed":130,"observed_unix_ns":1790382612928979492,"packet_gaps":0,"send_failures":0,"spectra":52455,"type":"metrics","unavailable":0}
{"context_updates":541,"datagrams":109490,"malformed":130,"observed_unix_ns":1790382613928601876,"packet_gaps":0,"send_failures":0,"spectra":54409,"type":"metrics","unavailable":0}
{"context_updates":561,"datagrams":113415,"malformed":130,"observed_unix_ns":1790382614928849228,"packet_gaps":0,"send_failures":0,"spectra":56362,"type":"metrics","unavailable":0}
{"boot_id":"ebab4d3ff76968098ce62d7ae193da27","data":{"context_updates":561,"datagrams":113447,"downstream_delivery":null,"malformed":130,"observed_unix_ns":1790382614936969311,"packet_gaps":0,"processing_calls":113447,"processing_ns_total":2449143517,"proven_packet_loss":null,"queue_depth":null,"rx_bytes":466022580,"send_failures":0,"spectra":56377,"tx_bytes":483489152,"tx_packets":56377,"unavailable":0},"event":"heartbeat","instance":"processor","last_successful_activity":"2026-09-26T00:30:14.936Z","ready":true,"role":"processor","schema":"vrt.telemetry/1","sequence":8,"state":"degraded","suppressed_events":0,"timestamp":"2026-09-26T00:30:14.936Z","uptime_ms":35110}
{"context_updates":577,"datagrams":117339,"malformed":130,"observed_unix_ns":1790382615929305389,"packet_gaps":0,"send_failures":0,"spectra":58315,"type":"metrics","unavailable":0}
{"context_updates":597,"datagrams":121263,"malformed":130,"observed_unix_ns":1790382616928686385,"packet_gaps":0,"send_failures":0,"spectra":60267,"type":"metrics","unavailable":0}
{"context_updates":617,"datagrams":125191,"malformed":130,"observed_unix_ns":1790382617929184916,"packet_gaps":0,"send_failures":0,"spectra":62221,"type":"metrics","unavailable":0}
{"context_updates":637,"datagrams":129117,"malformed":130,"observed_unix_ns":1790382618928556330,"packet_gaps":0,"send_failures":0,"spectra":64173,"type":"metrics","unavailable":0}
{"context_updates":657,"datagrams":133043,"malformed":130,"observed_unix_ns":1790382619929089940,"packet_gaps":0,"send_failures":0,"spectra":66127,"type":"metrics","unavailable":0}
{"boot_id":"ebab4d3ff76968098ce62d7ae193da27","data":{"context_updates":657,"datagrams":133075,"downstream_delivery":null,"malformed":130,"observed_unix_ns":1790382619937207147,"packet_gaps":0,"processing_calls":133075,"processing_ns_total":2875965666,"proven_packet_loss":null,"queue_depth":null,"rx_bytes":546655668,"send_failures":0,"spectra":66142,"tx_bytes":567233792,"tx_packets":66142,"unavailable":0},"event":"heartbeat","instance":"processor","last_successful_activity":"2026-09-26T00:30:19.937Z","ready":true,"role":"processor","schema":"vrt.telemetry/1","sequence":9,"state":"degraded","suppressed_events":0,"timestamp":"2026-09-26T00:30:19.937Z","uptime_ms":40111}
{"boot_id":"ebab4d3ff76968098ce62d7ae193da27","data":{"context_updates":673,"datagrams":136826,"downstream_delivery":null,"malformed":130,"observed_unix_ns":1790382620892806900,"packet_gaps":0,"processing_calls":136826,"processing_ns_total":2957497328,"proven_packet_loss":null,"queue_depth":null,"rx_bytes":562074580,"send_failures":0,"spectra":68010,"tx_bytes":583253760,"tx_packets":68010,"unavailable":0},"event":"shutdown","instance":"processor","last_successful_activity":"2026-09-26T00:30:20.892Z","ready":false,"role":"processor","schema":"vrt.telemetry/1","sequence":10,"state":"degraded","suppressed_events":0,"timestamp":"2026-09-26T00:30:20.892Z","uptime_ms":41066}
{"context_updates":673,"datagrams":136826,"malformed":130,"observed_unix_ns":1790382620892855477,"packet_gaps":0,"send_failures":0,"spectra":68010,"type":"metrics","unavailable":0}
{"boot_changes":0,"configurations":4,"connection_attempts":4,"connections":4,"coordinated":true,"protocol_failures":0,"reconnects":0,"stale_starts_replayed":0,"starts_admitted":4,"starts_submitted":4,"status_failures":0,"type":"controller_metrics"}
20:30:21 INFO Removed container name=clab-four-radio-sdr-processor
20:30:21 ERRO container "clab-four-radio-sdr-recorder" exited; container output:
{"boot_id":"6bb54e5be0a5bd1726f2c1b125b85aa1","data":{"durably_committed_bytes":null,"kernel_drops":0,"pcap_bytes_accepted":0,"pcap_enabled":false,"pcap_frames":0,"pcap_io_errors":0,"pcap_limit_reached":false,"queue_depth":null,"receive_errors":0,"receive_truncations":0,"rx_frames":0,"rx_wire_bytes":0},"event":"heartbeat","instance":"recorder","last_successful_activity":null,"ready":true,"role":"recorder","schema":"vrt.telemetry/1","sequence":1,"state":"idle","suppressed_events":0,"timestamp":"2026-09-26T00:28:53.662Z","uptime_ms":126}
{"boot_id":"6bb54e5be0a5bd1726f2c1b125b85aa1","data":{"durably_committed_bytes":null,"kernel_drops":0,"pcap_bytes_accepted":0,"pcap_enabled":false,"pcap_frames":0,"pcap_io_errors":0,"pcap_limit_reached":false,"queue_depth":null,"receive_errors":0,"receive_truncations":0,"rx_frames":12,"rx_wire_bytes":1016},"event":"heartbeat","instance":"recorder","last_successful_activity":"2026-09-26T00:28:58.330Z","ready":true,"role":"recorder","schema":"vrt.telemetry/1","sequence":2,"state":"healthy","suppressed_events":0,"timestamp":"2026-09-26T00:28:58.731Z","uptime_ms":5195}
{"boot_id":"6bb54e5be0a5bd1726f2c1b125b85aa1","data":{"durably_committed_bytes":null,"kernel_drops":0,"pcap_bytes_accepted":0,"pcap_enabled":false,"pcap_frames":0,"pcap_io_errors":0,"pcap_limit_reached":false,"queue_depth":null,"receive_errors":0,"receive_truncations":0,"rx_frames":91,"rx_wire_bytes":8087},"event":"heartbeat","instance":"recorder","last_successful_activity":"2026-09-26T00:29:03.813Z","ready":true,"role":"recorder","schema":"vrt.telemetry/1","sequence":3,"state":"healthy","suppressed_events":0,"timestamp":"2026-09-26T00:29:03.813Z","uptime_ms":10277}
{"boot_id":"6bb54e5be0a5bd1726f2c1b125b85aa1","data":{"durably_committed_bytes":null,"kernel_drops":0,"pcap_bytes_accepted":0,"pcap_enabled":false,"pcap_frames":0,"pcap_io_errors":0,"pcap_limit_reached":false,"queue_depth":null,"receive_errors":0,"receive_truncations":0,"rx_frames":5065,"rx_wire_bytes":27311647},"event":"heartbeat","instance":"recorder","last_successful_activity":"2026-09-26T00:29:08.813Z","ready":true,"role":"recorder","schema":"vrt.telemetry/1","sequence":4,"state":"healthy","suppressed_events":0,"timestamp":"2026-09-26T00:29:08.813Z","uptime_ms":15278}
{"boot_id":"6bb54e5be0a5bd1726f2c1b125b85aa1","data":{"durably_committed_bytes":null,"kernel_drops":0,"pcap_bytes_accepted":0,"pcap_enabled":false,"pcap_frames":0,"pcap_io_errors":0,"pcap_limit_reached":false,"queue_depth":null,"receive_errors":0,"receive_truncations":0,"rx_frames":34556,"rx_wire_bytes":192905229},"event":"heartbeat","instance":"recorder","last_successful_activity":"2026-09-26T00:29:13.814Z","ready":true,"role":"recorder","schema":"vrt.telemetry/1","sequence":5,"state":"healthy","suppressed_events":0,"timestamp":"2026-09-26T00:29:13.814Z","uptime_ms":20278}
{"boot_id":"6bb54e5be0a5bd1726f2c1b125b85aa1","data":{"durably_committed_bytes":null,"kernel_drops":0,"pcap_bytes_accepted":0,"pcap_enabled":false,"pcap_frames":0,"pcap_io_errors":0,"pcap_limit_reached":false,"queue_depth":null,"receive_errors":0,"receive_truncations":0,"rx_frames":64052,"rx_wire_bytes":358549309},"event":"heartbeat","instance":"recorder","last_successful_activity":"2026-09-26T00:29:18.814Z","ready":true,"role":"recorder","schema":"vrt.telemetry/1","sequence":6,"state":"healthy","suppressed_events":0,"timestamp":"2026-09-26T00:29:18.814Z","uptime_ms":25278}
{"boot_id":"6bb54e5be0a5bd1726f2c1b125b85aa1","data":{"durably_committed_bytes":null,"kernel_drops":0,"pcap_bytes_accepted":0,"pcap_enabled":false,"pcap_frames":0,"pcap_io_errors":0,"pcap_limit_reached":false,"queue_depth":null,"receive_errors":0,"receive_truncations":0,"rx_frames":93542,"rx_wire_bytes":524142725},"event":"heartbeat","instance":"recorder","last_successful_activity":"2026-09-26T00:29:23.814Z","ready":true,"role":"recorder","schema":"vrt.telemetry/1","sequence":7,"state":"healthy","suppressed_events":0,"timestamp":"2026-09-26T00:29:23.814Z","uptime_ms":30278}
{"boot_id":"6bb54e5be0a5bd1726f2c1b125b85aa1","data":{"durably_committed_bytes":null,"kernel_drops":0,"pcap_bytes_accepted":0,"pcap_enabled":false,"pcap_frames":0,"pcap_io_errors":0,"pcap_limit_reached":false,"queue_depth":null,"receive_errors":0,"receive_truncations":0,"rx_frames":123040,"rx_wire_bytes":689765749},"event":"heartbeat","instance":"recorder","last_successful_activity":"2026-09-26T00:29:28.814Z","ready":true,"role":"recorder","schema":"vrt.telemetry/1","sequence":8,"state":"healthy","suppressed_events":0,"timestamp":"2026-09-26T00:29:28.814Z","uptime_ms":35278}
{"boot_id":"6bb54e5be0a5bd1726f2c1b125b85aa1","data":{"durably_committed_bytes":null,"kernel_drops":0,"pcap_bytes_accepted":0,"pcap_enabled":false,"pcap_frames":0,"pcap_io_errors":0,"pcap_limit_reached":false,"queue_depth":null,"receive_errors":0,"receive_truncations":0,"rx_frames":152536,"rx_wire_bytes":855405838},"event":"heartbeat","instance":"recorder","last_successful_activity":"2026-09-26T00:29:33.814Z","ready":true,"role":"recorder","schema":"vrt.telemetry/1","sequence":9,"state":"healthy","suppressed_events":0,"timestamp":"2026-09-26T00:29:33.814Z","uptime_ms":40279}
{"boot_id":"6bb54e5be0a5bd1726f2c1b125b85aa1","data":{"durably_committed_bytes":null,"kernel_drops":0,"pcap_bytes_accepted":0,"pcap_enabled":false,"pcap_frames":0,"pcap_io_errors":0,"pcap_limit_reached":false,"queue_depth":null,"receive_errors":0,"receive_truncations":0,"rx_frames":182031,"rx_wire_bytes":1021028596},"event":"heartbeat","instance":"recorder","last_successful_activity":"2026-09-26T00:29:38.815Z","ready":true,"role":"recorder","schema":"vrt.telemetry/1","sequence":10,"state":"healthy","suppressed_events":0,"timestamp":"2026-09-26T00:29:38.815Z","uptime_ms":45279}
{"boot_id":"6bb54e5be0a5bd1726f2c1b125b85aa1","data":{"durably_committed_bytes":null,"kernel_drops":0,"pcap_bytes_accepted":0,"pcap_enabled":false,"pcap_frames":0,"pcap_io_errors":0,"pcap_limit_reached":false,"queue_depth":null,"receive_errors":0,"receive_truncations":0,"rx_frames":191682,"rx_wire_bytes":1065062146},"event":"heartbeat","instance":"recorder","last_successful_activity":"2026-09-26T00:29:43.036Z","ready":true,"role":"recorder","schema":"vrt.telemetry/1","sequence":11,"state":"healthy","suppressed_events":0,"timestamp":"2026-09-26T00:29:43.836Z","uptime_ms":50301}
{"boot_id":"6bb54e5be0a5bd1726f2c1b125b85aa1","data":{"durably_committed_bytes":null,"kernel_drops":0,"pcap_bytes_accepted":0,"pcap_enabled":false,"pcap_frames":0,"pcap_io_errors":0,"pcap_limit_reached":false,"queue_depth":null,"receive_errors":0,"receive_truncations":0,"rx_frames":208032,"rx_wire_bytes":1156587234},"event":"heartbeat","instance":"recorder","last_successful_activity":"2026-09-26T00:29:48.837Z","ready":true,"role":"recorder","schema":"vrt.telemetry/1","sequence":12,"state":"healthy","suppressed_events":0,"timestamp":"2026-09-26T00:29:48.837Z","uptime_ms":55301}
{"boot_id":"6bb54e5be0a5bd1726f2c1b125b85aa1","data":{"durably_committed_bytes":null,"kernel_drops":0,"pcap_bytes_accepted":0,"pcap_enabled":false,"pcap_frames":0,"pcap_io_errors":0,"pcap_limit_reached":false,"queue_depth":null,"receive_errors":0,"receive_truncations":0,"rx_frames":237518,"rx_wire_bytes":1322208662},"event":"heartbeat","instance":"recorder","last_successful_activity":"2026-09-26T00:29:53.837Z","ready":true,"role":"recorder","schema":"vrt.telemetry/1","sequence":13,"state":"healthy","suppressed_events":0,"timestamp":"2026-09-26T00:29:53.837Z","uptime_ms":60301}
{"boot_id":"6bb54e5be0a5bd1726f2c1b125b85aa1","data":{"durably_committed_bytes":null,"kernel_drops":0,"pcap_bytes_accepted":0,"pcap_enabled":false,"pcap_frames":0,"pcap_io_errors":0,"pcap_limit_reached":false,"queue_depth":null,"receive_errors":0,"receive_truncations":0,"rx_frames":267005,"rx_wire_bytes":1487847312},"event":"heartbeat","instance":"recorder","last_successful_activity":"2026-09-26T00:29:58.837Z","ready":true,"role":"recorder","schema":"vrt.telemetry/1","sequence":14,"state":"healthy","suppressed_events":0,"timestamp":"2026-09-26T00:29:58.837Z","uptime_ms":65301}
{"boot_id":"6bb54e5be0a5bd1726f2c1b125b85aa1","data":{"durably_committed_bytes":null,"kernel_drops":0,"pcap_bytes_accepted":0,"pcap_enabled":false,"pcap_frames":0,"pcap_io_errors":0,"pcap_limit_reached":false,"queue_depth":null,"receive_errors":0,"receive_truncations":0,"rx_frames":296492,"rx_wire_bytes":1653468975},"event":"heartbeat","instance":"recorder","last_successful_activity":"2026-09-26T00:30:03.837Z","ready":true,"role":"recorder","schema":"vrt.telemetry/1","sequence":15,"state":"healthy","suppressed_events":0,"timestamp":"2026-09-26T00:30:03.837Z","uptime_ms":70302}
{"boot_id":"6bb54e5be0a5bd1726f2c1b125b85aa1","data":{"durably_committed_bytes":null,"kernel_drops":0,"pcap_bytes_accepted":0,"pcap_enabled":false,"pcap_frames":0,"pcap_io_errors":0,"pcap_limit_reached":false,"queue_depth":null,"receive_errors":0,"receive_truncations":0,"rx_frames":325979,"rx_wire_bytes":1819107625},"event":"heartbeat","instance":"recorder","last_successful_activity":"2026-09-26T00:30:08.837Z","ready":true,"role":"recorder","schema":"vrt.telemetry/1","sequence":16,"state":"healthy","suppressed_events":0,"timestamp":"2026-09-26T00:30:08.837Z","uptime_ms":75302}
{"boot_id":"6bb54e5be0a5bd1726f2c1b125b85aa1","data":{"durably_committed_bytes":null,"kernel_drops":0,"pcap_bytes_accepted":0,"pcap_enabled":false,"pcap_frames":0,"pcap_io_errors":0,"pcap_limit_reached":false,"queue_depth":null,"receive_errors":0,"receive_truncations":0,"rx_frames":355463,"rx_wire_bytes":1984728969},"event":"heartbeat","instance":"recorder","last_successful_activity":"2026-09-26T00:30:13.838Z","ready":true,"role":"recorder","schema":"vrt.telemetry/1","sequence":17,"state":"healthy","suppressed_events":0,"timestamp":"2026-09-26T00:30:13.838Z","uptime_ms":80302}
{"boot_id":"6bb54e5be0a5bd1726f2c1b125b85aa1","data":{"durably_committed_bytes":null,"kernel_drops":0,"pcap_bytes_accepted":0,"pcap_enabled":false,"pcap_frames":0,"pcap_io_errors":0,"pcap_limit_reached":false,"queue_depth":null,"receive_errors":0,"receive_truncations":0,"rx_frames":384953,"rx_wire_bytes":2150371817},"event":"heartbeat","instance":"recorder","last_successful_activity":"2026-09-26T00:30:18.838Z","ready":true,"role":"recorder","schema":"vrt.telemetry/1","sequence":18,"state":"healthy","suppressed_events":0,"timestamp":"2026-09-26T00:30:18.838Z","uptime_ms":85302}
{"boot_id":"6bb54e5be0a5bd1726f2c1b125b85aa1","data":{"reason":"APPLICATION_ERROR"},"event":"failure","instance":"recorder","last_successful_activity":null,"ready":false,"role":"recorder","schema":"vrt.telemetry/1","sequence":19,"state":"failed","suppressed_events":0,"timestamp":"2026-09-26T00:30:21.028Z","uptime_ms":87493}
recorder: application error (see documented configuration requirements)
20:30:21 INFO Removed container name=clab-four-radio-sdr-recorder
20:30:21 INFO Removed container name=clab-four-radio-sdr-radio4
20:30:21 INFO Removed container name=clab-four-radio-sdr-radio1
20:30:21 INFO Removed container name=clab-four-radio-sdr-radio3
20:30:21 INFO Removed container name=clab-four-radio-sdr-detector
20:30:21 INFO Removed container name=clab-four-radio-sdr-switch1
20:30:21 INFO Removed container name=clab-four-radio-sdr-radio2
20:30:21 INFO Removing host entries path=/etc/hosts
20:30:21 INFO Removing SSH config path=/etc/ssh/ssh_config.d/clab-four-radio-sdr.conf
